#
# There is insufficient memory for the Java Runtime Environment to continue.
# Native memory allocation (mmap) failed to map 65536 bytes. Error detail: Failed to commit metaspace.
# Possible reasons:
#   The system is out of physical RAM or swap space
#   This process is running with CompressedOops enabled, and the Java Heap may be blocking the growth of the native heap
# Possible solutions:
#   Reduce memory load on the system
#   Increase physical memory or swap space
#   Check if swap backing store is full
#   Decrease Java heap size (-Xmx/-Xms)
#   Decrease Java thread stack sizes (-Xss)
#   Set larger code cache with -XX:ReservedCodeCacheSize=
#   JVM is running with Unscaled Compressed Oops mode in which the Java heap is
#     placed in the first 4GB address space. The Java Heap base address is the
#     maximum limit for the native heap growth. Please use -XX:HeapBaseMinAddress
#     to set the Java Heap base and to place the Java Heap above 4GB virtual address.
# This output file may be truncated or incomplete.
#
#  Out of Memory Error (virtualSpaceNode.cpp:113), pid=15292, tid=23592
#
# JRE version: OpenJDK Runtime Environment Temurin-21.0.11+10 (21.0.11+10) (build 21.0.11+10-LTS)
# Java VM: OpenJDK 64-Bit Server VM Temurin-21.0.11+10 (21.0.11+10-LTS, mixed mode, sharing, tiered, compressed oops, compressed class ptrs, parallel gc, windows-amd64)
# No core dump will be written. Minidumps are not enabled by default on client versions of Windows
#

---------------  S U M M A R Y ------------

Command Line: --add-modules=ALL-SYSTEM --add-opens=java.base/java.util=ALL-UNNAMED --add-opens=java.base/java.lang=ALL-UNNAMED --add-opens=java.base/sun.nio.fs=ALL-UNNAMED -Declipse.application=org.eclipse.jdt.ls.core.id1 -Dosgi.bundles.defaultStartLevel=4 -Declipse.product=org.eclipse.jdt.ls.core.product -Djava.import.generatesMetadataFilesAtProjectRoot=false -DDetectVMInstallationsJob.disabled=true -Dfile.encoding=utf8 -XX:+UseParallelGC -XX:GCTimeRatio=4 -XX:AdaptiveSizePolicyWeight=90 -Dsun.zip.disableMemoryMapping=true -Xmx2G -Xms100m -Xlog:disable -javaagent:c:\Users\Admin\.vscode\extensions\redhat.java-1.55.0-win32-x64\lombok\lombok-1.18.39-4050.jar -XX:+HeapDumpOnOutOfMemoryError -XX:HeapDumpPath=c:\Users\Admin\AppData\Roaming\Code\User\workspaceStorage\a90a2c676cc97a09c422fdd057554fff\redhat.java -Daether.dependencyCollector.impl=bf c:\Users\Admin\.vscode\extensions\redhat.java-1.55.0-win32-x64\server\plugins\org.eclipse.equinox.launcher_1.7.200.v20260619-2039.jar -configuration c:\Users\Admin\AppData\Roaming\Code\User\globalStorage\redhat.java\1.55.0\config_win -data c:\Users\Admin\AppData\Roaming\Code\User\workspaceStorage\a90a2c676cc97a09c422fdd057554fff\redhat.java\jdt_ws --pipe=\\.\pipe\lsp-38af90ca187f070d545a11ce4420b678-sock

Host: 11th Gen Intel(R) Core(TM) i5-1145G7 @ 2.60GHz, 8 cores, 15G,  Windows 10 , 64 bit Build 19041 (10.0.19041.3031)
Time: Tue Aug 11 14:12:51 2026 SE Asia Standard Time elapsed time: 146.990215 seconds (0d 0h 2m 26s)

---------------  T H R E A D  ---------------

Current thread (0x00000151ff090670):  JavaThread "Start Level: Equinox Container: f4da1c38-94f3-4189-87ec-f9cd00d0535f" daemon [_thread_in_vm, id=23592, stack(0x0000003ebc900000,0x0000003ebca00000) (1024K)]

Stack: [0x0000003ebc900000,0x0000003ebca00000]
Native frames: (J=compiled Java code, j=interpreted, Vv=VM code, C=native code)
V  [jvm.dll+0x6d7e19]
V  [jvm.dll+0x8b5096]
V  [jvm.dll+0x8b764e]
V  [jvm.dll+0x8b7d33]
V  [jvm.dll+0x284596]
V  [jvm.dll+0x8b0dde]
V  [jvm.dll+0x6795e4]
V  [jvm.dll+0x1e849b]
V  [jvm.dll+0x1e825e]
V  [jvm.dll+0x67bee2]
V  [jvm.dll+0x67bd12]
V  [jvm.dll+0x679fbe]
V  [jvm.dll+0x684268]
V  [jvm.dll+0x21973e]
V  [jvm.dll+0x219be5]
V  [jvm.dll+0x21a5d8]
V  [jvm.dll+0x20f80e]
V  [jvm.dll+0x5b658f]
V  [jvm.dll+0x82f046]
V  [jvm.dll+0x478ec8]
V  [jvm.dll+0x47ecf8]
C  [java.dll+0x17ec]

Java frames: (J=compiled Java code, j=interpreted, Vv=VM code)
J 1122  java.lang.ClassLoader.defineClass1(Ljava/lang/ClassLoader;Ljava/lang/String;[BIILjava/security/ProtectionDomain;Ljava/lang/String;)Ljava/lang/Class; java.base@21.0.11 (0 bytes) @ 0x0000015187b47491 [0x0000015187b473c0+0x00000000000000d1]
J 1858 c1 java.lang.ClassLoader.defineClass(Ljava/lang/String;[BIILjava/security/ProtectionDomain;)Ljava/lang/Class; java.base@21.0.11 (43 bytes) @ 0x000001518035b07c [0x000001518035ad20+0x000000000000035c]
J 1747 c1 java.security.SecureClassLoader.defineClass(Ljava/lang/String;[BIILjava/security/CodeSource;)Ljava/lang/Class; java.base@21.0.11 (16 bytes) @ 0x000001518030979c [0x00000151803096c0+0x00000000000000dc]
J 1623 c1 java.net.URLClassLoader.defineClass(Ljava/lang/String;Ljdk/internal/loader/Resource;)Ljava/lang/Class; java.base@21.0.11 (224 bytes) @ 0x00000151802b4d1c [0x00000151802b3580+0x000000000000179c]
J 1741 c1 java.net.URLClassLoader$1.run()Ljava/lang/Class; java.base@21.0.11 (81 bytes) @ 0x00000151803024ec [0x00000151803018c0+0x0000000000000c2c]
J 1622 c1 java.net.URLClassLoader$1.run()Ljava/lang/Object; java.base@21.0.11 (5 bytes) @ 0x00000151802b2ed4 [0x00000151802b2e40+0x0000000000000094]
J 1587 c1 java.security.AccessController.doPrivileged(Ljava/security/PrivilegedExceptionAction;Ljava/security/AccessControlContext;)Ljava/lang/Object; java.base@21.0.11 (26 bytes) @ 0x00000151802a7d0c [0x00000151802a7b20+0x00000000000001ec]
J 1620 c1 java.net.URLClassLoader.findClass(Ljava/lang/String;)Ljava/lang/Class; java.base@21.0.11 (47 bytes) @ 0x00000151802b2184 [0x00000151802b2000+0x0000000000000184]
J 1644 c1 java.lang.ClassLoader.loadClass(Ljava/lang/String;Z)Ljava/lang/Class; java.base@21.0.11 (121 bytes) @ 0x00000151802c58ac [0x00000151802c52e0+0x00000000000005cc]
J 1019 c1 java.lang.ClassLoader.loadClass(Ljava/lang/String;)Ljava/lang/Class; java.base@21.0.11 (7 bytes) @ 0x000001518018fad4 [0x000001518018f9c0+0x0000000000000114]
v  ~StubRoutines::call_stub 0x00000151875310e7
j  org.eclipse.osgi.internal.debug.FrameworkDebugOptions.newDebugTrace(Ljava/lang/String;Ljava/lang/Class;)Lorg/eclipse/osgi/service/debug/DebugTrace;+28
j  org.eclipse.osgi.internal.debug.FrameworkDebugOptions.newDebugTrace(Ljava/lang/String;)Lorg/eclipse/osgi/service/debug/DebugTrace;+3
j  org.eclipse.core.internal.utils.Policy$1.optionsChanged(Lorg/eclipse/osgi/service/debug/DebugOptions;)V+3
j  org.eclipse.osgi.internal.debug.FrameworkDebugOptions.addingService(Lorg/osgi/framework/ServiceReference;)Lorg/eclipse/osgi/service/debug/DebugOptionsListener;+16
j  org.eclipse.osgi.internal.debug.FrameworkDebugOptions.addingService(Lorg/osgi/framework/ServiceReference;)Ljava/lang/Object;+5
j  org.osgi.util.tracker.ServiceTracker$Tracked.customizerAdding(Lorg/osgi/framework/ServiceReference;Lorg/osgi/framework/ServiceEvent;)Ljava/lang/Object;+8
j  org.osgi.util.tracker.ServiceTracker$Tracked.customizerAdding(Ljava/lang/Object;Ljava/lang/Object;)Ljava/lang/Object;+9
J 2919 c1 org.osgi.util.tracker.AbstractTracked.trackAdding(Ljava/lang/Object;Ljava/lang/Object;)V (167 bytes) @ 0x00000151805b2b0c [0x00000151805b29e0+0x000000000000012c]
j  org.osgi.util.tracker.AbstractTracked.track(Ljava/lang/Object;Ljava/lang/Object;)V+83
j  org.osgi.util.tracker.ServiceTracker$Tracked.serviceChanged(Lorg/osgi/framework/ServiceEvent;)V+67
J 2628 c1 org.eclipse.osgi.internal.serviceregistry.FilteredServiceListener.serviceChanged(Lorg/osgi/framework/ServiceEvent;)V (296 bytes) @ 0x0000015180510a34 [0x000001518050e120+0x0000000000002914]
J 2607 c1 org.eclipse.osgi.internal.framework.BundleContextImpl.dispatchEvent(Ljava/lang/Object;Ljava/lang/Object;ILjava/lang/Object;)V (577 bytes) @ 0x00000151804f9854 [0x00000151804f5f80+0x00000000000038d4]
J 2680 c1 org.eclipse.osgi.framework.eventmgr.EventManager.dispatchEvent(Ljava/util/Set;Lorg/eclipse/osgi/framework/eventmgr/EventDispatcher;ILjava/lang/Object;)V (69 bytes) @ 0x000001518052e954 [0x000001518052e440+0x0000000000000514]
j  org.eclipse.osgi.framework.eventmgr.ListenerQueue.dispatchEventSynchronous(ILjava/lang/Object;)V+67
j  org.eclipse.osgi.internal.serviceregistry.ServiceRegistry.publishServiceEventPrivileged(Lorg/osgi/framework/ServiceEvent;)V+320
j  org.eclipse.osgi.internal.serviceregistry.ServiceRegistry.publishServiceEvent(Lorg/osgi/framework/ServiceEvent;)V+8
j  org.eclipse.osgi.internal.serviceregistry.ServiceRegistrationImpl.register(Ljava/util/Dictionary;)V+137
j  org.eclipse.osgi.internal.serviceregistry.ServiceRegistry.registerService(Lorg/eclipse/osgi/internal/framework/BundleContextImpl;[Ljava/lang/String;Ljava/lang/Object;Ljava/util/Dictionary;)Lorg/eclipse/osgi/internal/serviceregistry/ServiceRegistrationImpl;+317
j  org.eclipse.osgi.internal.framework.BundleContextImpl.registerService([Ljava/lang/String;Ljava/lang/Object;Ljava/util/Dictionary;)Lorg/osgi/framework/ServiceRegistration;+15
j  org.eclipse.osgi.internal.framework.BundleContextImpl.registerService(Ljava/lang/String;Ljava/lang/Object;Ljava/util/Dictionary;)Lorg/osgi/framework/ServiceRegistration;+15
j  org.eclipse.osgi.internal.framework.BundleContextImpl.registerService(Ljava/lang/Class;Ljava/lang/Object;Ljava/util/Dictionary;)Lorg/osgi/framework/ServiceRegistration;+7
j  org.eclipse.core.resources.ResourcesPlugin.start(Lorg/osgi/framework/BundleContext;)V+46
j  org.eclipse.osgi.internal.framework.BundleContextImpl$2.run()Ljava/lang/Void;+23
j  org.eclipse.osgi.internal.framework.BundleContextImpl$2.run()Ljava/lang/Object;+1
J 1152 c1 java.security.AccessController.executePrivileged(Ljava/security/PrivilegedExceptionAction;Ljava/security/AccessControlContext;Ljava/lang/Class;)Ljava/lang/Object; java.base@21.0.11 (65 bytes) @ 0x00000151801cde44 [0x00000151801cdce0+0x0000000000000164]
j  java.security.AccessController.doPrivileged(Ljava/security/PrivilegedExceptionAction;)Ljava/lang/Object;+9 java.base@21.0.11
j  org.eclipse.osgi.internal.framework.BundleContextImpl.startActivator(Lorg/osgi/framework/BundleActivator;)V+9
j  org.eclipse.osgi.internal.framework.BundleContextImpl.start()V+141
j  org.eclipse.osgi.internal.framework.EquinoxBundle.startWorker0()V+35
j  org.eclipse.osgi.internal.framework.EquinoxBundle$EquinoxModule.startWorker()V+4
j  org.eclipse.osgi.container.Module.doStart([Lorg/eclipse/osgi/container/Module$StartOptions;)Lorg/eclipse/osgi/container/ModuleContainerAdaptor$ModuleEvent;+200
j  org.eclipse.osgi.container.Module.start([Lorg/eclipse/osgi/container/Module$StartOptions;)V+460
j  org.eclipse.osgi.framework.util.SecureAction.start(Lorg/eclipse/osgi/container/Module;[Lorg/eclipse/osgi/container/Module$StartOptions;)V+8
J 2688 c1 org.eclipse.osgi.internal.hooks.EclipseLazyStarter.postFindLocalClass(Ljava/lang/String;Ljava/lang/Class;Lorg/eclipse/osgi/internal/loader/classpath/ClasspathManager;)V (394 bytes) @ 0x0000015180534a14 [0x0000015180533a40+0x0000000000000fd4]
J 2930 c1 org.eclipse.osgi.internal.loader.classpath.ClasspathManager.findLocalClass(Ljava/lang/String;)Ljava/lang/Class; (210 bytes) @ 0x00000151805b6d74 [0x00000151805b5d60+0x0000000000001014]
J 2686 c1 org.eclipse.osgi.internal.loader.BundleLoader.findLocalClass(Ljava/lang/String;)Ljava/lang/Class; (159 bytes) @ 0x00000151805312cc [0x00000151805306e0+0x0000000000000bec]
J 2610 c1 org.eclipse.osgi.internal.loader.BundleLoader.findClass0(Ljava/lang/String;ZZ)Ljava/lang/Class; (490 bytes) @ 0x0000015180502c5c [0x00000151804ffac0+0x000000000000319c]
J 2609 c1 org.eclipse.osgi.internal.loader.BundleLoader.findClass(Ljava/lang/String;)Ljava/lang/Class; (8 bytes) @ 0x00000151804ff0cc [0x00000151804ff040+0x000000000000008c]
J 2611 c1 org.eclipse.osgi.internal.loader.ModuleClassLoader.loadClass(Ljava/lang/String;Z)Ljava/lang/Class; (36 bytes) @ 0x000001518050624c [0x0000015180506020+0x000000000000022c]
J 1019 c1 java.lang.ClassLoader.loadClass(Ljava/lang/String;)Ljava/lang/Class; java.base@21.0.11 (7 bytes) @ 0x000001518018fad4 [0x000001518018f9c0+0x0000000000000114]
v  ~StubRoutines::call_stub 0x00000151875310e7
j  java.lang.Class.getDeclaredConstructors0(Z)[Ljava/lang/reflect/Constructor;+0 java.base@21.0.11
j  java.lang.Class.privateGetDeclaredConstructors(Z)[Ljava/lang/reflect/Constructor;+52 java.base@21.0.11
j  java.lang.Class.getConstructor0([Ljava/lang/Class;I)Ljava/lang/reflect/Constructor;+14 java.base@21.0.11
j  java.lang.Class.getConstructor([Ljava/lang/Class;)Ljava/lang/reflect/Constructor;+24 java.base@21.0.11
j  org.eclipse.osgi.internal.framework.BundleContextImpl.loadBundleActivator()Lorg/osgi/framework/BundleActivator;+105
j  org.eclipse.osgi.internal.framework.BundleContextImpl.start()V+18
j  org.eclipse.osgi.internal.framework.EquinoxBundle.startWorker0()V+35
j  org.eclipse.osgi.internal.framework.EquinoxBundle$EquinoxModule.startWorker()V+4
j  org.eclipse.osgi.container.Module.doStart([Lorg/eclipse/osgi/container/Module$StartOptions;)Lorg/eclipse/osgi/container/ModuleContainerAdaptor$ModuleEvent;+200
j  org.eclipse.osgi.container.Module.start([Lorg/eclipse/osgi/container/Module$StartOptions;)V+460
j  org.eclipse.osgi.container.ModuleContainer$ContainerStartLevel$2.run()V+83
j  org.eclipse.osgi.internal.framework.EquinoxContainerAdaptor$1$1.execute(Ljava/lang/Runnable;)V+1
j  org.eclipse.osgi.container.ModuleContainer$ContainerStartLevel.incStartLevel(ILjava/util/List;Z)V+193
j  org.eclipse.osgi.container.ModuleContainer$ContainerStartLevel.incStartLevel(ILjava/util/List;Ljava/util/List;Ljava/util/List;Ljava/util/List;)V+19
j  org.eclipse.osgi.container.ModuleContainer$ContainerStartLevel.doContainerStartLevel(Lorg/eclipse/osgi/container/Module;I[Lorg/osgi/framework/FrameworkListener;)V+358
j  org.eclipse.osgi.container.ModuleContainer$ContainerStartLevel.dispatchEvent(Lorg/eclipse/osgi/container/Module;[Lorg/osgi/framework/FrameworkListener;ILjava/lang/Integer;)V+32
j  org.eclipse.osgi.container.ModuleContainer$ContainerStartLevel.dispatchEvent(Ljava/lang/Object;Ljava/lang/Object;ILjava/lang/Object;)V+15
j  org.eclipse.osgi.framework.eventmgr.EventManager.dispatchEvent(Ljava/util/Set;Lorg/eclipse/osgi/framework/eventmgr/EventDispatcher;ILjava/lang/Object;)V+48
j  org.eclipse.osgi.framework.eventmgr.EventManager$EventThread.run()V+26
v  ~StubRoutines::call_stub 0x00000151875310e7

Compiled method (n/a) 147121 1122     n 0       java.lang.ClassLoader::defineClass1 (native)
 total in heap  [0x0000015187b47210,0x0000015187b47698] = 1160
 relocation     [0x0000015187b47370,0x0000015187b473a8] = 56
 main code      [0x0000015187b473c0,0x0000015187b47696] = 726
 stub code      [0x0000015187b47696,0x0000015187b47698] = 2

[Constant Pool (empty)]

[MachCode]
[Entry Point]
  # {method} {0x0000015193434a48} 'defineClass1' '(Ljava/lang/ClassLoader;Ljava/lang/String;[BIILjava/security/ProtectionDomain;Ljava/lang/String;)Ljava/lang/Class;' in 'java/lang/ClassLoader'
  # parm0:    rdx:rdx   = 'java/lang/ClassLoader'
  # parm1:    r8:r8     = 'java/lang/String'
  # parm2:    r9:r9     = '[B'
  # parm3:    rdi       = int
  # parm4:    rsi       = int
  # parm5:    rcx:rcx   = 'java/security/ProtectionDomain'
  # parm6:    [sp+0xa0]   = 'java/lang/String'  (sp of caller)
  0x0000015187b473c0: 448b 5208 | 49bb 0000 | 0093 5101 | 0000 4d03 | d349 3bc2 | 0f84 0600 

  0x0000015187b473d8: ;   {runtime_call ic_miss_stub}
  0x0000015187b473d8: 0000 e9a1 | 72a3 ff90 
[Verified Entry Point]
  0x0000015187b473e0: 8984 2400 | 80ff ff55 | 488b ec48 | 81ec 9000 | 0000 6690 | 4181 7f20 | 0100 0000 

  0x0000015187b473fc: ;   {runtime_call StubRoutines (final stubs)}
  0x0000015187b473fc: 7405 e8fd | 63a2 ff48 | 837d 1000 | 488d 4510 | 480f 4445 | 1048 8944 | 2440 4889 | 4c24 7048 
  0x0000015187b4741c: 83f9 0048 | 8d44 2470 | 480f 4444 | 2470 4889 | 4424 3848 | 8974 2430 | 4889 7c24 | 284c 894c 
  0x0000015187b4743c: 2458 4983 | f900 488d | 4424 5848 | 0f44 4424 | 5848 8944 | 2420 4c89 | 4424 5049 | 83f8 004c 
  0x0000015187b4745c: 8d4c 2450 | 4c0f 444c | 2450 4889 | 5424 4848 | 83fa 004c | 8d44 2448 | 4c0f 4444 

  0x0000015187b47478: ;   {oop(a 'java/lang/Class'{0x0000000080000b08} = 'java/lang/ClassLoader')}
  0x0000015187b47478: 2448 49be | 080b 0080 | 0000 0000 | 4c89 7424 | 784c 8d74 | 2478 498b | d6c5 f877 

  0x0000015187b47494: ;   {internal_word}
  0x0000015187b47494: 49ba 9174 | b487 5101 | 0000 4d89 | 97a8 0300 | 0049 89a7 | a003 0000 

  0x0000015187b474ac: ;   {external_word}
  0x0000015187b474ac: 49ba c66c | 2c9d fd7f | 0000 4180 | 3a00 0f84 | 4e00 0000 | 5241 5041 

  0x0000015187b474c4: ;   {metadata({method} {0x0000015193434a48} 'defineClass1' '(Ljava/lang/ClassLoader;Ljava/lang/String;[BIILjava/security/ProtectionDomain;Ljava/lang/String;)Ljava/lang/Class;' in 'java/lang/ClassLoader')}
  0x0000015187b474c4: 5148 ba40 | 4a43 9351 | 0100 0049 | 8bcf 4883 | ec20 40f6 | c40f 0f84 | 1900 0000 | 4883 ec08 
  0x0000015187b474e4: ;   {runtime_call}
  0x0000015187b474e4: 48b8 20e5 | d59c fd7f | 0000 ffd0 | 4883 c408 | e90c 0000 

  0x0000015187b474f8: ;   {runtime_call}
  0x0000015187b474f8: 0048 b820 | e5d5 9cfd | 7f00 00ff | d048 83c4 | 2041 5941 | 585a 498d | 8fc0 0300 | 0041 c787 
  0x0000015187b47518: 4c04 0000 | 0400 0000 

  0x0000015187b47520: ;   {runtime_call}
  0x0000015187b47520: 48b8 ac16 | f0fd fd7f | 0000 ffd0 | c5f8 7741 | c787 4c04 | 0000 0500 | 0000 f083 | 4424 c000 
  0x0000015187b47540: 493b af50 | 0400 000f | 870e 0000 | 0041 83bf | 4804 0000 | 000f 842b | 0000 00c5 | f877 4889 
  0x0000015187b47560: 45f8 498b | cf4c 8be4 | 4883 ec20 | 4883 e4f0 

  0x0000015187b47570: ;   {runtime_call}
  0x0000015187b47570: 48b8 e053 | a19c fd7f | 0000 ffd0 | 498b e44d | 33e4 488b | 45f8 41c7 | 874c 0400 | 0008 0000 
  0x0000015187b47590: 0041 83bf | c804 0000 | 020f 84ca 

  0x0000015187b4759c: ;   {external_word}
  0x0000015187b4759c: 0000 0049 | bac6 6c2c | 9dfd 7f00 | 0041 803a | 000f 844c | 0000 0048 

  0x0000015187b475b4: ;   {metadata({method} {0x0000015193434a48} 'defineClass1' '(Ljava/lang/ClassLoader;Ljava/lang/String;[BIILjava/security/ProtectionDomain;Ljava/lang/String;)Ljava/lang/Class;' in 'java/lang/ClassLoader')}
  0x0000015187b475b4: 8945 f848 | ba40 4a43 | 9351 0100 | 0049 8bcf | 4883 ec20 | 40f6 c40f | 0f84 1900 | 0000 4883 
  0x0000015187b475d4: ;   {runtime_call}
  0x0000015187b475d4: ec08 48b8 | 20e5 d59c | fd7f 0000 | ffd0 4883 | c408 e90c 

  0x0000015187b475e8: ;   {runtime_call}
  0x0000015187b475e8: 0000 0048 | b820 e5d5 | 9cfd 7f00 | 00ff d048 | 83c4 2048 | 8b45 f849 | c787 a003 | 0000 0000 
  0x0000015187b47608: 0000 49c7 | 87a8 0300 | 0000 0000 | 00c5 f877 | 4885 c00f | 8425 0000 | 00a8 030f | 8508 0000 
  0x0000015187b47628: 0048 8b00 | e915 0000 | 00a8 010f | 8509 0000 | 0048 8b40 | fee9 0400 | 0000 488b | 40ff 498b 
  0x0000015187b47648: 8f30 0400 | 00c7 8100 | 0100 0000 | 0000 00c9 | 4983 7f08 | 000f 8501 | 0000 00c3 

  0x0000015187b47664: ;   {runtime_call StubRoutines (initial stubs)}
  0x0000015187b47664: e997 989e | ffc5 f877 | 4889 45f8 | 4c8b e448 | 83ec 2048 

  0x0000015187b47678: ;   {runtime_call}
  0x0000015187b47678: 83e4 f048 | b870 1cd6 | 9cfd 7f00 | 00ff d049 | 8be4 4d33 | e448 8b45 | f8e9 09ff | ffff f4f4 
[/MachCode]


Compiled method (c1) 147135 1858       3       java.lang.ClassLoader::defineClass (43 bytes)
 total in heap  [0x000001518035ab10,0x000001518035b470] = 2400
 relocation     [0x000001518035ac70,0x000001518035ad10] = 160
 main code      [0x000001518035ad20,0x000001518035b1c0] = 1184
 stub code      [0x000001518035b1c0,0x000001518035b238] = 120
 metadata       [0x000001518035b238,0x000001518035b268] = 48
 scopes data    [0x000001518035b268,0x000001518035b358] = 240
 scopes pcs     [0x000001518035b358,0x000001518035b438] = 224
 dependencies   [0x000001518035b438,0x000001518035b448] = 16
 nul chk table  [0x000001518035b448,0x000001518035b470] = 40

[Constant Pool (empty)]

[MachCode]
[Entry Point]
  # {method} {0x0000015193434dc8} 'defineClass' '(Ljava/lang/String;[BIILjava/security/ProtectionDomain;)Ljava/lang/Class;' in 'java/lang/ClassLoader'
  # this:     rdx:rdx   = 'java/lang/ClassLoader'
  # parm0:    r8:r8     = 'java/lang/String'
  # parm1:    r9:r9     = '[B'
  # parm2:    rdi       = int
  # parm3:    rsi       = int
  # parm4:    rcx:rcx   = 'java/security/ProtectionDomain'
  #           [sp+0xc0]  (sp of caller)
  0x000001518035ad20: 448b 5208 | 49bb 0000 | 0093 5101 | 0000 4d03 | d34c 3bd0 

  0x000001518035ad34: ;   {runtime_call ic_miss_stub}
  0x000001518035ad34: 0f85 4639 | 2207 660f | 1f44 0000 
[Verified Entry Point]
  0x000001518035ad40: 8984 2400 | 80ff ff55 | 4881 ecb0 | 0000 0090 | 4181 7f20 | 0100 0000 

  0x000001518035ad58: ;   {runtime_call StubRoutines (final stubs)}
  0x000001518035ad58: 7405 e8a1 | 2a21 0748 | 8954 2478 

  0x000001518035ad64: ;   {metadata(method data for {method} {0x0000015193434dc8} 'defineClass' '(Ljava/lang/String;[BIILjava/security/ProtectionDomain;)Ljava/lang/Class;' in 'java/lang/ClassLoader')}
  0x000001518035ad64: 48bb 30eb | 36d4 5101 | 0000 8b83 | cc00 0000 | 83c0 0289 | 83cc 0000 | 0025 fe07 | 0000 85c0 
  0x000001518035ad84: 0f84 5803 | 0000 89b4 | 2494 0000 | 0089 bc24 | 9000 0000 | 4c89 8c24 | 8800 0000 

  0x000001518035ada0: ;   {metadata(method data for {method} {0x0000015193434dc8} 'defineClass' '(Ljava/lang/String;[BIILjava/security/ProtectionDomain;)Ljava/lang/Class;' in 'java/lang/ClassLoader')}
  0x000001518035ada0: 488b da48 | b830 eb36 | d451 0100 | 0048 8380 | 1001 0000 | 0149 8bd8 | 4c8b c34c | 8bc9 488b 
  0x000001518035adc0: ca48 8bd1 | 4889 9c24 | 8000 0000 

  0x000001518035adcc: ;   {optimized virtual_call}
  0x000001518035adcc: 6666 90e8 

  0x000001518035add0: ; ImmutableOopMap {[120]=Oop [128]=Oop [136]=Oop }
                      ;*invokevirtual preDefineClass {reexecute=0 rethrow=0 return_oop=0}
                      ; - java.lang.ClassLoader::defineClass@4
  0x000001518035add0: cc2b edff 

  0x000001518035add4: ;   {other}
  0x000001518035add4: 0f1f 8400 | c402 0000 | 4889 8424 | 9800 0000 | 488b 5424 

  0x000001518035ade8: ;   {metadata(method data for {method} {0x0000015193434dc8} 'defineClass' '(Ljava/lang/String;[BIILjava/security/ProtectionDomain;)Ljava/lang/Class;' in 'java/lang/ClassLoader')}
  0x000001518035ade8: 7849 b830 | eb36 d451 | 0100 0049 | 8380 4801 

  0x000001518035adf8: ;   {metadata(method data for {method} {0x0000015193434ab0} 'defineClassSourceLocation' '(Ljava/security/ProtectionDomain;)Ljava/lang/String;' in 'java/lang/ClassLoader')}
  0x000001518035adf8: 0000 0149 | b848 f236 | d451 0100 | 0041 8b90 | cc00 0000 | 83c2 0241 | 8990 cc00 | 0000 81e2 
  0x000001518035ae18: feff 1f00 | 85d2 0f84 | df02 0000 

  0x000001518035ae24: ; implicit exception: dispatches to 0x000001518035b124
  0x000001518035ae24: 483b 004c 

  0x000001518035ae28: ;   {metadata(method data for {method} {0x0000015193434ab0} 'defineClassSourceLocation' '(Ljava/security/ProtectionDomain;)Ljava/lang/String;' in 'java/lang/ClassLoader')}
  0x000001518035ae28: 8bc0 48ba | 48f2 36d4 | 5101 0000 | 4883 8210 | 0100 0001 | 448b 4010 

  0x000001518035ae40: ;   {metadata(method data for {method} {0x0000015193434ab0} 'defineClassSourceLocation' '(Ljava/security/ProtectionDomain;)Ljava/lang/String;' in 'java/lang/ClassLoader')}
  0x000001518035ae40: 4d85 c048 | ba48 f236 | d451 0100 | 0048 c7c6 | 5801 0000 | 7507 48c7 | c648 0100 | 0048 8b3c 
  0x000001518035ae60: 3248 8d7f | 0148 893c | 320f 850f 

  0x000001518035ae6c: ;   {oop(nullptr)}
  0x000001518035ae6c: 0000 0048 | bb00 0000 | 0000 0000 | 00e9 a901 | 0000 493b | 0049 8bd0 

  0x000001518035ae84: ;   {metadata(method data for {method} {0x0000015193434ab0} 'defineClassSourceLocation' '(Ljava/security/ProtectionDomain;)Ljava/lang/String;' in 'java/lang/ClassLoader')}
  0x000001518035ae84: 48be 48f2 | 36d4 5101 | 0000 4883 | 8668 0100 | 0001 418b | 500c 4885 

  0x000001518035ae9c: ;   {metadata(method data for {method} {0x0000015193434ab0} 'defineClassSourceLocation' '(Ljava/security/ProtectionDomain;)Ljava/lang/String;' in 'java/lang/ClassLoader')}
  0x000001518035ae9c: d248 be48 | f236 d451 | 0100 0048 | c7c7 b001 | 0000 7507 | 48c7 c7a0 | 0100 0048 | 8b1c 3e48 
  0x000001518035aebc: 8d5b 0148 | 891c 3e0f | 850f 0000 

  0x000001518035aec8: ;   {oop(nullptr)}
  0x000001518035aec8: 0048 bb00 | 0000 0000 | 0000 00e9 | 4f01 0000 

  0x000001518035aed8: ;   {metadata(method data for {method} {0x0000015193434ab0} 'defineClassSourceLocation' '(Ljava/security/ProtectionDomain;)Ljava/lang/String;' in 'java/lang/ClassLoader')}
  0x000001518035aed8: 48be 48f2 | 36d4 5101 | 0000 4883 | 86c0 0100 | 0001 483b | 024c 8bc2 

  0x000001518035aef0: ;   {metadata(method data for {method} {0x0000015193434ab0} 'defineClassSourceLocation' '(Ljava/security/ProtectionDomain;)Ljava/lang/String;' in 'java/lang/ClassLoader')}
  0x000001518035aef0: 48be 48f2 | 36d4 5101 | 0000 4883 | 86f8 0100 

  0x000001518035af00: ;   {metadata(method data for {method} {0x000001519301abf0} 'toString' '()Ljava/lang/String;' in 'java/net/URL')}
  0x000001518035af00: 0001 49b8 | 18e6 36d4 | 5101 0000 | 418b b0cc | 0000 0083 | c602 4189 | b0cc 0000 | 0081 e6fe 
  0x000001518035af20: ff1f 0085 | f60f 8408 | 0200 004c 

  0x000001518035af2c: ;   {metadata(method data for {method} {0x000001519301abf0} 'toString' '()Ljava/lang/String;' in 'java/net/URL')}
  0x000001518035af2c: 8bc2 48be | 18e6 36d4 | 5101 0000 | 4883 8610 | 0100 0001 

  0x000001518035af40: ;   {metadata(method data for {method} {0x0000015193428650} 'toExternalForm' '()Ljava/lang/String;' in 'java/net/URL')}
  0x000001518035af40: 49b8 d07f | 36d4 5101 | 0000 418b | b0cc 0000 | 0083 c602 | 4189 b0cc | 0000 0081 | e6fe ff1f 
  0x000001518035af60: 0085 f60f | 84eb 0100 | 008b 7238 

  0x000001518035af6c: ; implicit exception: dispatches to 0x000001518035b175
  0x000001518035af6c: 483b 064c 

  0x000001518035af70: ;   {metadata(method data for {method} {0x0000015193428650} 'toExternalForm' '()Ljava/lang/String;' in 'java/net/URL')}
  0x000001518035af70: 8bc6 48bf | d07f 36d4 | 5101 0000 | 458b 4008 | 49ba 0000 | 0093 5101 | 0000 4d03 | c24c 3b87 
  0x000001518035af90: 2001 0000 | 750d 4883 | 8728 0100 | 0001 e960 | 0000 004c | 3b87 3001 | 0000 750d | 4883 8738 
  0x000001518035afb0: 0100 0001 | e94a 0000 | 0048 83bf | 2001 0000 | 0075 174c | 8987 2001 | 0000 48c7 | 8728 0100 
  0x000001518035afd0: 0001 0000 | 00e9 2900 | 0000 4883 | bf30 0100 | 0000 7517 | 4c89 8730 | 0100 0048 | c787 3801 
  0x000001518035aff0: 0000 0100 | 0000 e908 | 0000 0048 | 8387 1001 | 0000 014c | 8bc2 488b | d60f 1f40 | 0048 b8ff 
  0x000001518035b010: ffff ffff 

  0x000001518035b014: ;   {virtual_call}
  0x000001518035b014: ffff ffe8 

  0x000001518035b018: ; ImmutableOopMap {[120]=Oop [128]=Oop [136]=Oop [152]=Oop }
                      ;*invokevirtual toExternalForm {reexecute=0 rethrow=0 return_oop=0}
                      ; - java.net.URL::toExternalForm@5
                      ; - java.net.URL::toString@1
                      ; - java.lang.ClassLoader::defineClassSourceLocation@22
                      ; - java.lang.ClassLoader::defineClass@12
  0x000001518035b018: 7c1c 2e07 

  0x000001518035b01c: ;   {other}
  0x000001518035b01c: 0f1f 8400 | 0c05 0001 | 488b d848 | 8b84 2498 | 0000 008b | b424 9400 | 0000 8bbc | 2490 0000 
  0x000001518035b03c: 004c 8b8c | 2488 0000 | 004c 8b84 | 2480 0000 | 0048 8b54 

  0x000001518035b050: ;   {metadata(method data for {method} {0x0000015193434dc8} 'defineClass' '(Ljava/lang/String;[BIILjava/security/ProtectionDomain;)Ljava/lang/Class;' in 'java/lang/ClassLoader')}
  0x000001518035b050: 2478 48b9 | 30eb 36d4 | 5101 0000 | 4883 8180 | 0100 0001 | 4c8b da49 | 8bd3 488b | c848 891c 
  0x000001518035b070: 2466 0f1f 

  0x000001518035b074: ;   {static_call}
  0x000001518035b074: 4400 00e8 

  0x000001518035b078: ; ImmutableOopMap {[120]=Oop [152]=Oop }
                      ;*invokestatic defineClass1 {reexecute=0 rethrow=0 return_oop=0}
                      ; - java.lang.ClassLoader::defineClass@27
  0x000001518035b078: 64c3 7e07 

  0x000001518035b07c: ;   {other}
  0x000001518035b07c: 0f1f 8400 | 6c05 0002 | 488b 5424 

  0x000001518035b088: ;   {metadata(method data for {method} {0x0000015193434dc8} 'defineClass' '(Ljava/lang/String;[BIILjava/security/ProtectionDomain;)Ljava/lang/Class;' in 'java/lang/ClassLoader')}
  0x000001518035b088: 7849 b830 | eb36 d451 | 0100 0049 | 8380 9001 | 0000 014c | 8bc0 4c8b | 8c24 9800 | 0000 488b 
  0x000001518035b0a8: 5424 7848 | 8984 24a0 | 0000 000f 

  0x000001518035b0b4: ;   {optimized virtual_call}
  0x000001518035b0b4: 1f40 00e8 

  0x000001518035b0b8: ; ImmutableOopMap {[160]=Oop }
                      ;*invokevirtual postDefineClass {reexecute=0 rethrow=0 return_oop=0}
                      ; - java.lang.ClassLoader::defineClass@37
  0x000001518035b0b8: 64ed f6ff 

  0x000001518035b0bc: ;   {other}
  0x000001518035b0bc: 0f1f 8400 | ac05 0003 | 488b 8424 | a000 0000 | 4881 c4b0 | 0000 005d 

  0x000001518035b0d4: ;   {poll_return}
  0x000001518035b0d4: 493b a750 | 0400 000f | 8799 0000 

  0x000001518035b0e0: ;   {metadata({method} {0x0000015193434dc8} 'defineClass' '(Ljava/lang/String;[BIILjava/security/ProtectionDomain;)Ljava/lang/Class;' in 'java/lang/ClassLoader')}
  0x000001518035b0e0: 00c3 49ba | c04d 4393 | 5101 0000 | 4c89 5424 | 0848 c704 | 24ff ffff 

  0x000001518035b0f8: ;   {runtime_call counter_overflow Runtime1 stub}
  0x000001518035b0f8: ffe8 82d3 

  0x000001518035b0fc: ; ImmutableOopMap {rdx=Oop r8=Oop r9=Oop rcx=Oop [120]=Oop }
                      ;*synchronization entry
                      ; - java.lang.ClassLoader::defineClass@-1
  0x000001518035b0fc: 2d07 e987 

  0x000001518035b100: ;   {metadata({method} {0x0000015193434ab0} 'defineClassSourceLocation' '(Ljava/security/ProtectionDomain;)Ljava/lang/String;' in 'java/lang/ClassLoader')}
  0x000001518035b100: fcff ff49 | baa8 4a43 | 9351 0100 | 004c 8954 | 2408 48c7 | 0424 ffff 

  0x000001518035b118: ;   {runtime_call counter_overflow Runtime1 stub}
  0x000001518035b118: ffff e861 

  0x000001518035b11c: ; ImmutableOopMap {rax=Oop [120]=Oop [128]=Oop [136]=Oop [152]=Oop }
                      ;*synchronization entry
                      ; - java.lang.ClassLoader::defineClassSourceLocation@-1
                      ; - java.lang.ClassLoader::defineClass@12
  0x000001518035b11c: d32d 07e9 | 00fd ffff 

  0x000001518035b124: ;   {runtime_call throw_null_pointer_exception Runtime1 stub}
  0x000001518035b124: e8f7 8224 

  0x000001518035b128: ; ImmutableOopMap {rax=Oop [120]=Oop [128]=Oop [136]=Oop [152]=Oop }
                      ;*invokevirtual getCodeSource {reexecute=0 rethrow=0 return_oop=0}
                      ; - java.lang.ClassLoader::defineClassSourceLocation@1
                      ; - java.lang.ClassLoader::defineClass@12
                      ;   {runtime_call throw_null_pointer_exception Runtime1 stub}
  0x000001518035b128: 07e8 f282 

  0x000001518035b12c: ; ImmutableOopMap {rax=Oop r8=Oop [120]=Oop [128]=Oop [136]=Oop [152]=Oop }
                      ;*invokevirtual getLocation {reexecute=0 rethrow=0 return_oop=0}
                      ; - java.lang.ClassLoader::defineClassSourceLocation@12
                      ; - java.lang.ClassLoader::defineClass@12
                      ;   {runtime_call throw_null_pointer_exception Runtime1 stub}
  0x000001518035b12c: 2407 e8ed 

  0x000001518035b130: ; ImmutableOopMap {rdx=Oop [120]=Oop [128]=Oop [136]=Oop [152]=Oop }
                      ;*invokevirtual toString {reexecute=0 rethrow=0 return_oop=0}
                      ; - java.lang.ClassLoader::defineClassSourceLocation@22
                      ; - java.lang.ClassLoader::defineClass@12
                      ;   {metadata({method} {0x000001519301abf0} 'toString' '()Ljava/lang/String;' in 'java/net/URL')}
  0x000001518035b130: 8224 0749 | bae8 ab01 | 9351 0100 | 004c 8954 | 2408 48c7 | 0424 ffff 

  0x000001518035b148: ;   {runtime_call counter_overflow Runtime1 stub}
  0x000001518035b148: ffff e831 

  0x000001518035b14c: ; ImmutableOopMap {rdx=Oop [120]=Oop [128]=Oop [136]=Oop [152]=Oop }
                      ;*synchronization entry
                      ; - java.net.URL::toString@-1
                      ; - java.lang.ClassLoader::defineClassSourceLocation@22
                      ; - java.lang.ClassLoader::defineClass@12
  0x000001518035b14c: d32d 07e9 | d7fd ffff 

  0x000001518035b154: ;   {metadata({method} {0x0000015193428650} 'toExternalForm' '()Ljava/lang/String;' in 'java/net/URL')}
  0x000001518035b154: 49ba 4886 | 4293 5101 | 0000 4c89 | 5424 0848 | c704 24ff 

  0x000001518035b168: ;   {runtime_call counter_overflow Runtime1 stub}
  0x000001518035b168: ffff ffe8 

  0x000001518035b16c: ; ImmutableOopMap {rdx=Oop [120]=Oop [128]=Oop [136]=Oop [152]=Oop }
                      ;*synchronization entry
                      ; - java.net.URL::toExternalForm@-1
                      ; - java.net.URL::toString@1
                      ; - java.lang.ClassLoader::defineClassSourceLocation@22
                      ; - java.lang.ClassLoader::defineClass@12
  0x000001518035b16c: 10d3 2d07 | e9f4 fdff 

  0x000001518035b174: ;   {runtime_call throw_null_pointer_exception Runtime1 stub}
  0x000001518035b174: ffe8 a682 

  0x000001518035b178: ; ImmutableOopMap {rdx=Oop rsi=Oop [120]=Oop [128]=Oop [136]=Oop [152]=Oop }
                      ;*invokevirtual toExternalForm {reexecute=0 rethrow=0 return_oop=0}
                      ; - java.net.URL::toExternalForm@5
                      ; - java.net.URL::toString@1
                      ; - java.lang.ClassLoader::defineClassSourceLocation@22
                      ; - java.lang.ClassLoader::defineClass@12
                      ;   {internal_word}
  0x000001518035b178: 2407 49ba | d4b0 3580 | 5101 0000 | 4d89 9768 

  0x000001518035b188: ;   {runtime_call SafepointBlob}
  0x000001518035b188: 0400 00e9 | f0a9 2207 | 498b 8700 | 0500 0049 | c787 0005 | 0000 0000 | 0000 49c7 | 8708 0500 
  0x000001518035b1a8: 0000 0000 | 0048 81c4 | b000 0000 

  0x000001518035b1b4: ;   {runtime_call unwind_exception Runtime1 stub}
  0x000001518035b1b4: 5de9 4691 | 2407 f4f4 | f4f4 f4f4 
[Stub Code]
  0x000001518035b1c0: ;   {no_reloc}
  0x000001518035b1c0: 0f1f 4400 

  0x000001518035b1c4: ;   {static_stub}
  0x000001518035b1c4: 0048 bb00 | 0000 0000 

  0x000001518035b1cc: ;   {runtime_call nmethod}
  0x000001518035b1cc: 0000 00e9 | fbff ffff 

  0x000001518035b1d4: ;   {static_stub}
  0x000001518035b1d4: 48bb 0000 | 0000 0000 

  0x000001518035b1dc: ;   {runtime_call nmethod}
  0x000001518035b1dc: 0000 e9fb 

  0x000001518035b1e0: ;   {static_stub}
  0x000001518035b1e0: ffff ff48 | bb00 0000 | 0000 0000 

  0x000001518035b1ec: ;   {runtime_call nmethod}
  0x000001518035b1ec: 00e9 fbff 

  0x000001518035b1f0: ;   {static_stub}
  0x000001518035b1f0: ffff 48bb | 0000 0000 | 0000 0000 

  0x000001518035b1fc: ;   {runtime_call nmethod}
  0x000001518035b1fc: e9fb ffff 

  0x000001518035b200: ;   {runtime_call handle_exception_from_callee Runtime1 stub}
  0x000001518035b200: ffe8 fa95 

  0x000001518035b204: ;   {external_word}
  0x000001518035b204: 2d07 48b9 | 4063 029d | fd7f 0000 | 4883 e4f0 

  0x000001518035b214: ;   {runtime_call}
  0x000001518035b214: 48b8 d0c4 | c49c fd7f | 0000 ffd0 

  0x000001518035b220: ;   {section_word}
  0x000001518035b220: f449 ba21 | b235 8051 | 0100 0041 

  0x000001518035b22c: ;   {runtime_call DeoptimizationBlob}
  0x000001518035b22c: 52e9 eebd | 2207 f4f4 | f4f4 f4f4 
[/MachCode]


Compiled method (c1) 147157 1747       3       java.security.SecureClassLoader::defineClass (16 bytes)
 total in heap  [0x0000015180309510,0x0000015180309910] = 1024
 relocation     [0x0000015180309670,0x00000151803096c0] = 80
 main code      [0x00000151803096c0,0x0000015180309818] = 344
 stub code      [0x0000015180309818,0x0000015180309868] = 80
 metadata       [0x0000015180309868,0x0000015180309870] = 8
 scopes data    [0x0000015180309870,0x00000151803098b8] = 72
 scopes pcs     [0x00000151803098b8,0x0000015180309908] = 80
 dependencies   [0x0000015180309908,0x0000015180309910] = 8

[Constant Pool (empty)]

[MachCode]
[Entry Point]
  # {method} {0x000001519304e0e8} 'defineClass' '(Ljava/lang/String;[BIILjava/security/CodeSource;)Ljava/lang/Class;' in 'java/security/SecureClassLoader'
  # this:     rdx:rdx   = 'java/security/SecureClassLoader'
  # parm0:    r8:r8     = 'java/lang/String'
  # parm1:    r9:r9     = '[B'
  # parm2:    rdi       = int
  # parm3:    rsi       = int
  # parm4:    rcx:rcx   = 'java/security/CodeSource'
  #           [sp+0x80]  (sp of caller)
  0x00000151803096c0: 448b 5208 | 49bb 0000 | 0093 5101 | 0000 4d03 | d34c 3bd0 

  0x00000151803096d4: ;   {runtime_call ic_miss_stub}
  0x00000151803096d4: 0f85 a64f | 2707 660f | 1f44 0000 
[Verified Entry Point]
  0x00000151803096e0: 8984 2400 | 80ff ff55 | 4883 ec70 | 4181 7f20 | 0100 0000 

  0x00000151803096f4: ;   {runtime_call StubRoutines (final stubs)}
  0x00000151803096f4: 7405 e805 

  0x00000151803096f8: ;   {metadata(method data for {method} {0x000001519304e0e8} 'defineClass' '(Ljava/lang/String;[BIILjava/security/CodeSource;)Ljava/lang/Class;' in 'java/security/SecureClassLoader')}
  0x00000151803096f8: 4126 0748 | bb08 6b3b | d451 0100 | 008b 83cc | 0000 0083 | c002 8983 | cc00 0000 | 25fe 0700 
  0x0000015180309718: 0085 c00f | 8496 0000 | 0089 7424 | 5c89 7c24 | 584c 894c | 2450 4c89 | 4424 4848 

  0x0000015180309734: ;   {metadata(method data for {method} {0x000001519304e0e8} 'defineClass' '(Ljava/lang/String;[BIILjava/security/CodeSource;)Ljava/lang/Class;' in 'java/security/SecureClassLoader')}
  0x0000015180309734: 8bda 48b8 | 086b 3bd4 | 5101 0000 | 4883 8010 | 0100 0001 | 4c8b c148 | 8bc2 488b | d048 8944 
  0x0000015180309754: ;   {optimized virtual_call}
  0x0000015180309754: 2440 90e8 

  0x0000015180309758: ; ImmutableOopMap {[64]=Oop [72]=Oop [80]=Oop }
                      ;*invokevirtual getProtectionDomain {reexecute=0 rethrow=0 return_oop=0}
                      ; - java.security.SecureClassLoader::defineClass@9
  0x0000015180309758: bc00 0000 

  0x000001518030975c: ;   {other}
  0x000001518030975c: 0f1f 8400 | 4c02 0000 | 488b 5424 

  0x0000015180309768: ;   {metadata(method data for {method} {0x000001519304e0e8} 'defineClass' '(Ljava/lang/String;[BIILjava/security/CodeSource;)Ljava/lang/Class;' in 'java/security/SecureClassLoader')}
  0x0000015180309768: 4049 b808 | 6b3b d451 | 0100 0049 | 8380 4801 | 0000 014c | 8b44 2448 | 4c8b 4c24 | 508b 7c24 
  0x0000015180309788: 588b 7424 | 5c48 8bc8 | 488b 5424 

  0x0000015180309794: ;   {optimized virtual_call}
  0x0000015180309794: 4066 90e8 

  0x0000015180309798: ; ImmutableOopMap {}
                      ;*invokevirtual defineClass {reexecute=0 rethrow=0 return_oop=0}
                      ; - java.security.SecureClassLoader::defineClass@12
  0x0000015180309798: a415 0500 

  0x000001518030979c: ;   {other}
  0x000001518030979c: 0f1f 8400 | 8c02 0001 | 4883 c470 

  0x00000151803097a8: ;   {poll_return}
  0x00000151803097a8: 5d49 3ba7 | 5004 0000 | 0f87 2200 

  0x00000151803097b4: ;   {metadata({method} {0x000001519304e0e8} 'defineClass' '(Ljava/lang/String;[BIILjava/security/CodeSource;)Ljava/lang/Class;' in 'java/security/SecureClassLoader')}
  0x00000151803097b4: 0000 c349 | bae0 e004 | 9351 0100 | 004c 8954 | 2408 48c7 | 0424 ffff 

  0x00000151803097cc: ;   {runtime_call counter_overflow Runtime1 stub}
  0x00000151803097cc: ffff e8ad 

  0x00000151803097d0: ; ImmutableOopMap {rdx=Oop r8=Oop r9=Oop rcx=Oop }
                      ;*synchronization entry
                      ; - java.security.SecureClassLoader::defineClass@-1
  0x00000151803097d0: ec32 07e9 | 49ff ffff 

  0x00000151803097d8: ;   {internal_word}
  0x00000151803097d8: 49ba a997 | 3080 5101 | 0000 4d89 | 9768 0400 

  0x00000151803097e8: ;   {runtime_call SafepointBlob}
  0x00000151803097e8: 00e9 92c3 | 2707 498b | 8700 0500 | 0049 c787 | 0005 0000 | 0000 0000 | 49c7 8708 | 0500 0000 
  0x0000015180309808: 0000 0048 | 83c4 705d 

  0x0000015180309810: ;   {runtime_call unwind_exception Runtime1 stub}
  0x0000015180309810: e9eb aa29 | 07f4 f4f4 
[Stub Code]
  0x0000015180309818: ;   {no_reloc}
  0x0000015180309818: 48bb 30e0 | 0493 5101 

  0x0000015180309820: ;   {runtime_call I2C/C2I adapters}
  0x0000015180309820: 0000 e940 

  0x0000015180309824: ;   {static_stub}
  0x0000015180309824: a927 0748 | bbc0 4d43 | 9351 0100 

  0x0000015180309830: ;   {runtime_call I2C/C2I adapters}
  0x0000015180309830: 00e9 bfbd 

  0x0000015180309834: ;   {runtime_call handle_exception_from_callee Runtime1 stub}
  0x0000015180309834: 2607 e8c5 

  0x0000015180309838: ;   {external_word}
  0x0000015180309838: af32 0748 | b940 6302 | 9dfd 7f00 | 0048 83e4 

  0x0000015180309848: ;   {runtime_call}
  0x0000015180309848: f048 b8d0 | c4c4 9cfd | 7f00 00ff 

  0x0000015180309854: ;   {section_word}
  0x0000015180309854: d0f4 49ba | 5698 3080 | 5101 0000 

  0x0000015180309860: ;   {runtime_call DeoptimizationBlob}
  0x0000015180309860: 4152 e9b9 | d727 07f4 
[/MachCode]


---------------  P R O C E S S  ---------------

Threads class SMR info:
_java_thread_list=0x00000151ff7e7c00, length=17, elements={
0x00000151f9cfb690, 0x00000151fd76bdc0, 0x00000151fd76d630, 0x00000151fd76f120,
0x00000151fd770040, 0x00000151fd770f60, 0x00000151fd779c90, 0x00000151fd77ca30,
0x00000151fd7be360, 0x00000151ff1f0260, 0x00000151ff33ec90, 0x00000151d80b0490,
0x00000151d8133c70, 0x00000151ff4ffb10, 0x00000151ff090670, 0x00000151ff306f90,
0x00000151ff16efe0
}

Java Threads: ( => current thread )
  0x00000151f9cfb690 JavaThread "main"                              [_thread_blocked, id=12072, stack(0x0000003ebb100000,0x0000003ebb200000) (1024K)]
  0x00000151fd76bdc0 JavaThread "Reference Handler"          daemon [_thread_blocked, id=6136, stack(0x0000003ebb500000,0x0000003ebb600000) (1024K)]
  0x00000151fd76d630 JavaThread "Finalizer"                  daemon [_thread_blocked, id=5708, stack(0x0000003ebb600000,0x0000003ebb700000) (1024K)]
  0x00000151fd76f120 JavaThread "Signal Dispatcher"          daemon [_thread_blocked, id=5828, stack(0x0000003ebb700000,0x0000003ebb800000) (1024K)]
  0x00000151fd770040 JavaThread "Attach Listener"            daemon [_thread_blocked, id=15564, stack(0x0000003ebb800000,0x0000003ebb900000) (1024K)]
  0x00000151fd770f60 JavaThread "Service Thread"             daemon [_thread_blocked, id=11356, stack(0x0000003ebb900000,0x0000003ebba00000) (1024K)]
  0x00000151fd779c90 JavaThread "Monitor Deflation Thread"   daemon [_thread_blocked, id=15172, stack(0x0000003ebba00000,0x0000003ebbb00000) (1024K)]
  0x00000151fd77ca30 JavaThread "C2 CompilerThread0"         daemon [_thread_blocked, id=7240, stack(0x0000003ebbb00000,0x0000003ebbc00000) (1024K)]
  0x00000151fd7be360 JavaThread "C1 CompilerThread0"         daemon [_thread_blocked, id=15176, stack(0x0000003ebbc00000,0x0000003ebbd00000) (1024K)]
  0x00000151ff1f0260 JavaThread "Common-Cleaner"             daemon [_thread_blocked, id=15828, stack(0x0000003ebbd00000,0x0000003ebbe00000) (1024K)]
  0x00000151ff33ec90 JavaThread "Notification Thread"        daemon [_thread_blocked, id=16876, stack(0x0000003ebbf00000,0x0000003ebc000000) (1024K)]
  0x00000151d80b0490 JavaThread "Active Thread: Equinox Container: f4da1c38-94f3-4189-87ec-f9cd00d0535f"        [_thread_blocked, id=13404, stack(0x0000003ebc700000,0x0000003ebc800000) (1024K)]
  0x00000151d8133c70 JavaThread "Refresh Thread: Equinox Container: f4da1c38-94f3-4189-87ec-f9cd00d0535f" daemon [_thread_blocked, id=23200, stack(0x0000003ebbe00000,0x0000003ebbf00000) (1024K)]
  0x00000151ff4ffb10 JavaThread "Framework Event Dispatcher: Equinox Container: f4da1c38-94f3-4189-87ec-f9cd00d0535f" daemon [_thread_blocked, id=23508, stack(0x0000003ebc800000,0x0000003ebc900000) (1024K)]
=>0x00000151ff090670 JavaThread "Start Level: Equinox Container: f4da1c38-94f3-4189-87ec-f9cd00d0535f" daemon [_thread_in_vm, id=23592, stack(0x0000003ebc900000,0x0000003ebca00000) (1024K)]
  0x00000151ff306f90 JavaThread "Bundle File Closer"         daemon [_thread_blocked, id=33892, stack(0x0000003ebaf00000,0x0000003ebb000000) (1024K)]
  0x00000151ff16efe0 JavaThread "SCR Component Actor"        daemon [_thread_blocked, id=47472, stack(0x0000003ebb000000,0x0000003ebb100000) (1024K)]
Total: 17

Other Threads:
  0x00000151fd74e630 VMThread "VM Thread"                           [id=5892, stack(0x0000003ebb400000,0x0000003ebb500000) (1024K)]
  0x00000151fd6417b0 WatcherThread "VM Periodic Task Thread"        [id=5808, stack(0x0000003ebb300000,0x0000003ebb400000) (1024K)]
  0x00000151f9d19590 WorkerThread "GC Thread#0"                     [id=6628, stack(0x0000003ebb200000,0x0000003ebb300000) (1024K)]
  0x00000151ff48e070 WorkerThread "GC Thread#1"                     [id=16172, stack(0x0000003ebc100000,0x0000003ebc200000) (1024K)]
  0x00000151ff48e820 WorkerThread "GC Thread#2"                     [id=12248, stack(0x0000003ebc200000,0x0000003ebc300000) (1024K)]
  0x00000151ff48ebd0 WorkerThread "GC Thread#3"                     [id=6884, stack(0x0000003ebc300000,0x0000003ebc400000) (1024K)]
  0x00000151ff48ef80 WorkerThread "GC Thread#4"                     [id=12964, stack(0x0000003ebc400000,0x0000003ebc500000) (1024K)]
  0x00000151ff723a60 WorkerThread "GC Thread#5"                     [id=15772, stack(0x0000003ebc500000,0x0000003ebc600000) (1024K)]
  0x00000151ff723e10 WorkerThread "GC Thread#6"                     [id=9748, stack(0x0000003ebc600000,0x0000003ebc700000) (1024K)]
  0x00000151fd7a8ff0 WorkerThread "GC Thread#7"                     [id=23292, stack(0x0000003ebc000000,0x0000003ebc100000) (1024K)]
Total: 10

Threads with active compile tasks:
Total: 0

VM state: not at safepoint (normal execution)

VM Mutex/Monitor currently owned by a thread:  ([mutex/lock_event])
[0x00007ffd9d2dd4f0] Metaspace_lock - owner thread: 0x00000151ff090670

Heap address: 0x0000000080000000, size: 2048 MB, Compressed Oops mode: 32-bit

CDS archive(s) mapped at: [0x0000015193000000-0x0000015193ba0000-0x0000015193ba0000), size 12189696, SharedBaseAddress: 0x0000015193000000, ArchiveRelocationMode: 1.
Compressed class space mapped at: 0x0000015194000000-0x00000151d4000000, reserved size: 1073741824
Narrow klass base: 0x0000015193000000, Narrow klass shift: 0, Narrow klass range: 0x100000000

GC Precious Log:
 CardTable entry size: 512
 CPUs: 8 total, 8 available
 Memory: 16110M
 Large Page Support: Disabled
 NUMA Support: Disabled
 Compressed Oops: Enabled (32-bit)
 Alignments: Space 512K, Generation 512K, Heap 2M
 Heap Min Capacity: 100M
 Heap Initial Capacity: 100M
 Heap Max Capacity: 2G
 Pre-touch: Disabled
 Parallel Workers: 8

Heap:
 PSYoungGen      total 29696K, used 19201K [0x00000000d5580000, 0x00000000d7680000, 0x0000000100000000)
  eden space 25600K, 59% used [0x00000000d5580000,0x00000000d6446580,0x00000000d6e80000)
  from space 4096K, 99% used [0x00000000d7280000,0x00000000d7679f40,0x00000000d7680000)
  to   space 4096K, 0% used [0x00000000d6e80000,0x00000000d6e80000,0x00000000d7280000)
 ParOldGen       total 68608K, used 7035K [0x0000000080000000, 0x0000000084300000, 0x00000000d5580000)
  object space 68608K, 10% used [0x0000000080000000,0x00000000806def80,0x0000000084300000)
 Metaspace       used 13521K, committed 13952K, reserved 1114112K
  class space    used 1405K, committed 1600K, reserved 1048576K

Card table byte_map: [0x00000151f96c0000,0x00000151f9ad0000] _byte_map_base: 0x00000151f92c0000

Marking Bits: (ParMarkBitMap*) 0x00007ffd9d2e4460
 Begin Bits: [0x000001518f000000, 0x0000015191000000)
 End Bits:   [0x0000015191000000, 0x0000015193000000)

Polling page: 0x00000151f7d00000

Metaspace:

Usage:
  Non-class:     11.83 MB used.
      Class:      1.37 MB used.
       Both:     13.20 MB used.

Virtual space:
  Non-class space:       64.00 MB reserved,      12.06 MB ( 19%) committed,  1 nodes.
      Class space:        1.00 GB reserved,       1.56 MB ( <1%) committed,  1 nodes.
             Both:        1.06 GB reserved,      13.62 MB (  1%) committed. 

Chunk freelists:
   Non-Class:  3.30 MB
       Class:  14.47 MB
        Both:  17.77 MB

MaxMetaspaceSize: unlimited
CompressedClassSpaceSize: 1.00 GB
Initial GC threshold: 21.00 MB
Current GC threshold: 21.00 MB
CDS: on
 - commit_granule_bytes: 65536.
 - commit_granule_words: 8192.
 - virtual_space_node_default_size: 8388608.
 - enlarge_chunks_in_place: 1.
 - use_allocation_guard: 0.


Internal statistics:

num_allocs_failed_limit: 0.
num_arena_births: 350.
num_arena_deaths: 0.
num_vsnodes_births: 2.
num_vsnodes_deaths: 0.
num_space_committed: 218.
num_space_uncommitted: 0.
num_chunks_returned_to_freelist: 0.
num_chunks_taken_from_freelist: 779.
num_chunk_merges: 0.
num_chunk_splits: 490.
num_chunks_enlarged: 309.
num_inconsistent_stats: 0.

CodeHeap 'non-profiled nmethods': size=120000Kb used=1440Kb max_used=1440Kb free=118559Kb
 bounds [0x0000015187ad0000, 0x0000015187d40000, 0x000001518f000000]
CodeHeap 'profiled nmethods': size=120000Kb used=6021Kb max_used=6021Kb free=113978Kb
 bounds [0x0000015180000000, 0x00000151805f0000, 0x0000015187530000]
CodeHeap 'non-nmethods': size=5760Kb used=1254Kb max_used=1276Kb free=4506Kb
 bounds [0x0000015187530000, 0x00000151877a0000, 0x0000015187ad0000]
CodeCache: size=245760Kb, used=8715Kb, max_used=8737Kb, free=237043Kb
 total_blobs=3487, nmethods=2975, adapters=418, full_count=0
Compilation: enabled, stopped_count=0, restarted_count=0

Compilation events (20 events):
Event: 146.518 Thread 0x00000151fd7be360 nmethod 2965 0x00000151805db310 code [0x00000151805db4c0, 0x00000151805db690]
Event: 146.518 Thread 0x00000151fd7be360 2968       3       java.lang.invoke.InvokerBytecodeGenerator::lookupPregenerated (294 bytes)
Event: 146.519 Thread 0x00000151fd7be360 nmethod 2968 0x00000151805db790 code [0x00000151805dbb20, 0x00000151805dcf88]
Event: 146.520 Thread 0x00000151fd7be360 2969       3       java.util.Hashtable$Enumerator::hasMoreElements (53 bytes)
Event: 146.520 Thread 0x00000151fd7be360 nmethod 2969 0x00000151805dd610 code [0x00000151805dd7c0, 0x00000151805dda38]
Event: 146.527 Thread 0x00000151fd77ca30 nmethod 2956 0x0000015187c36f10 code [0x0000015187c37100, 0x0000015187c379b8]
Event: 146.528 Thread 0x00000151fd77ca30 2970       4       java.lang.CharacterData::of (136 bytes)
Event: 146.528 Thread 0x00000151fd77ca30 nmethod 2970 0x0000015187c37e90 code [0x0000015187c38020, 0x0000015187c380c8]
Event: 146.528 Thread 0x00000151fd7be360 2971       3       java.util.concurrent.atomic.AtomicInteger::decrementAndGet (14 bytes)
Event: 146.529 Thread 0x00000151fd7be360 nmethod 2971 0x00000151805ddb90 code [0x00000151805ddd20, 0x00000151805dde40]
Event: 146.534 Thread 0x00000151fd7be360 2972   !   3       org.eclipse.osgi.internal.weaving.WovenClassImpl::callHooks (410 bytes)
Event: 146.537 Thread 0x00000151fd7be360 nmethod 2972 0x00000151805ddf10 code [0x00000151805de2c0, 0x00000151805dfbd8]
Event: 146.543 Thread 0x00000151fd7be360 2973       3       jdk.internal.loader.ClassLoaders::bootLoader (4 bytes)
Event: 146.543 Thread 0x00000151fd7be360 nmethod 2973 0x00000151805e0490 code [0x00000151805e0620, 0x00000151805e0718]
Event: 146.979 Thread 0x00000151fd7be360 2974       3       java.security.SecureClassLoader$CodeSourceKey::<init> (10 bytes)
Event: 146.979 Thread 0x00000151fd7be360 nmethod 2974 0x00000151805e0790 code [0x00000151805e0940, 0x00000151805e0b28]
Event: 146.979 Thread 0x00000151fd7be360 2975       3       java.security.SecureClassLoader$1::<init> (10 bytes)
Event: 146.980 Thread 0x00000151fd7be360 nmethod 2975 0x00000151805e0c10 code [0x00000151805e0dc0, 0x00000151805e0f48]
Event: 146.980 Thread 0x00000151fd7be360 2976       3       java.security.SecureClassLoader$CodeSourceKey::hashCode (21 bytes)
Event: 146.980 Thread 0x00000151fd7be360 nmethod 2976 0x00000151805e1010 code [0x00000151805e11c0, 0x00000151805e1390]

GC Heap History (8 events):
Event: 1.634 GC heap before
{Heap before GC invocations=1 (full 0):
 PSYoungGen      total 29696K, used 25600K [0x00000000d5580000, 0x00000000d7680000, 0x0000000100000000)
  eden space 25600K, 100% used [0x00000000d5580000,0x00000000d6e80000,0x00000000d6e80000)
  from space 4096K, 0% used [0x00000000d7280000,0x00000000d7280000,0x00000000d7680000)
  to   space 4096K, 0% used [0x00000000d6e80000,0x00000000d6e80000,0x00000000d7280000)
 ParOldGen       total 68608K, used 0K [0x0000000080000000, 0x0000000084300000, 0x00000000d5580000)
  object space 68608K, 0% used [0x0000000080000000,0x0000000080000000,0x0000000084300000)
 Metaspace       used 4376K, committed 4608K, reserved 1114112K
  class space    used 476K, committed 576K, reserved 1048576K
}
Event: 1.644 GC heap after
{Heap after GC invocations=1 (full 0):
 PSYoungGen      total 29696K, used 3287K [0x00000000d5580000, 0x00000000d7680000, 0x0000000100000000)
  eden space 25600K, 0% used [0x00000000d5580000,0x00000000d5580000,0x00000000d6e80000)
  from space 4096K, 80% used [0x00000000d6e80000,0x00000000d71b5ea8,0x00000000d7280000)
  to   space 4096K, 0% used [0x00000000d7280000,0x00000000d7280000,0x00000000d7680000)
 ParOldGen       total 68608K, used 16K [0x0000000080000000, 0x0000000084300000, 0x00000000d5580000)
  object space 68608K, 0% used [0x0000000080000000,0x0000000080004000,0x0000000084300000)
 Metaspace       used 4376K, committed 4608K, reserved 1114112K
  class space    used 476K, committed 576K, reserved 1048576K
}
Event: 24.284 GC heap before
{Heap before GC invocations=2 (full 0):
 PSYoungGen      total 29696K, used 28887K [0x00000000d5580000, 0x00000000d7680000, 0x0000000100000000)
  eden space 25600K, 100% used [0x00000000d5580000,0x00000000d6e80000,0x00000000d6e80000)
  from space 4096K, 80% used [0x00000000d6e80000,0x00000000d71b5ea8,0x00000000d7280000)
  to   space 4096K, 0% used [0x00000000d7280000,0x00000000d7280000,0x00000000d7680000)
 ParOldGen       total 68608K, used 16K [0x0000000080000000, 0x0000000084300000, 0x00000000d5580000)
  object space 68608K, 0% used [0x0000000080000000,0x0000000080004000,0x0000000084300000)
 Metaspace       used 8033K, committed 8320K, reserved 1114112K
  class space    used 841K, committed 960K, reserved 1048576K
}
Event: 24.292 GC heap after
{Heap after GC invocations=2 (full 0):
 PSYoungGen      total 29696K, used 4086K [0x00000000d5580000, 0x00000000d7680000, 0x0000000100000000)
  eden space 25600K, 0% used [0x00000000d5580000,0x00000000d5580000,0x00000000d6e80000)
  from space 4096K, 99% used [0x00000000d7280000,0x00000000d767d810,0x00000000d7680000)
  to   space 4096K, 0% used [0x00000000d6e80000,0x00000000d6e80000,0x00000000d7280000)
 ParOldGen       total 68608K, used 1944K [0x0000000080000000, 0x0000000084300000, 0x00000000d5580000)
  object space 68608K, 2% used [0x0000000080000000,0x00000000801e6320,0x0000000084300000)
 Metaspace       used 8033K, committed 8320K, reserved 1114112K
  class space    used 841K, committed 960K, reserved 1048576K
}
Event: 65.225 GC heap before
{Heap before GC invocations=3 (full 0):
 PSYoungGen      total 29696K, used 29686K [0x00000000d5580000, 0x00000000d7680000, 0x0000000100000000)
  eden space 25600K, 100% used [0x00000000d5580000,0x00000000d6e80000,0x00000000d6e80000)
  from space 4096K, 99% used [0x00000000d7280000,0x00000000d767d810,0x00000000d7680000)
  to   space 4096K, 0% used [0x00000000d6e80000,0x00000000d6e80000,0x00000000d7280000)
 ParOldGen       total 68608K, used 1944K [0x0000000080000000, 0x0000000084300000, 0x00000000d5580000)
  object space 68608K, 2% used [0x0000000080000000,0x00000000801e6320,0x0000000084300000)
 Metaspace       used 9676K, committed 9984K, reserved 1114112K
  class space    used 1020K, committed 1152K, reserved 1048576K
}
Event: 65.237 GC heap after
{Heap after GC invocations=3 (full 0):
 PSYoungGen      total 29696K, used 4067K [0x00000000d5580000, 0x00000000d7680000, 0x0000000100000000)
  eden space 25600K, 0% used [0x00000000d5580000,0x00000000d5580000,0x00000000d6e80000)
  from space 4096K, 99% used [0x00000000d6e80000,0x00000000d7278f38,0x00000000d7280000)
  to   space 4096K, 0% used [0x00000000d7280000,0x00000000d7280000,0x00000000d7680000)
 ParOldGen       total 68608K, used 4553K [0x0000000080000000, 0x0000000084300000, 0x00000000d5580000)
  object space 68608K, 6% used [0x0000000080000000,0x00000000804726d8,0x0000000084300000)
 Metaspace       used 9676K, committed 9984K, reserved 1114112K
  class space    used 1020K, committed 1152K, reserved 1048576K
}
Event: 140.930 GC heap before
{Heap before GC invocations=4 (full 0):
 PSYoungGen      total 29696K, used 29667K [0x00000000d5580000, 0x00000000d7680000, 0x0000000100000000)
  eden space 25600K, 100% used [0x00000000d5580000,0x00000000d6e80000,0x00000000d6e80000)
  from space 4096K, 99% used [0x00000000d6e80000,0x00000000d7278f38,0x00000000d7280000)
  to   space 4096K, 0% used [0x00000000d7280000,0x00000000d7280000,0x00000000d7680000)
 ParOldGen       total 68608K, used 4553K [0x0000000080000000, 0x0000000084300000, 0x00000000d5580000)
  object space 68608K, 6% used [0x0000000080000000,0x00000000804726d8,0x0000000084300000)
 Metaspace       used 11370K, committed 11712K, reserved 1114112K
  class space    used 1186K, committed 1344K, reserved 1048576K
}
Event: 140.963 GC heap after
{Heap after GC invocations=4 (full 0):
 PSYoungGen      total 29696K, used 4071K [0x00000000d5580000, 0x00000000d7680000, 0x0000000100000000)
  eden space 25600K, 0% used [0x00000000d5580000,0x00000000d5580000,0x00000000d6e80000)
  from space 4096K, 99% used [0x00000000d7280000,0x00000000d7679f40,0x00000000d7680000)
  to   space 4096K, 0% used [0x00000000d6e80000,0x00000000d6e80000,0x00000000d7280000)
 ParOldGen       total 68608K, used 7035K [0x0000000080000000, 0x0000000084300000, 0x00000000d5580000)
  object space 68608K, 10% used [0x0000000080000000,0x00000000806def80,0x0000000084300000)
 Metaspace       used 11370K, committed 11712K, reserved 1114112K
  class space    used 1186K, committed 1344K, reserved 1048576K
}

Dll operation events (9 events):
Event: 0.036 Loaded shared library c:\Users\Admin\.vscode\extensions\redhat.java-1.55.0-win32-x64\jre\21.0.11-win32-x86_64\bin\java.dll
Event: 0.280 Loaded shared library c:\Users\Admin\.vscode\extensions\redhat.java-1.55.0-win32-x64\jre\21.0.11-win32-x86_64\bin\zip.dll
Event: 0.339 Loaded shared library C:\Users\Admin\.vscode\extensions\redhat.java-1.55.0-win32-x64\jre\21.0.11-win32-x86_64\bin\instrument.dll
Event: 0.346 Loaded shared library C:\Users\Admin\.vscode\extensions\redhat.java-1.55.0-win32-x64\jre\21.0.11-win32-x86_64\bin\net.dll
Event: 0.348 Loaded shared library C:\Users\Admin\.vscode\extensions\redhat.java-1.55.0-win32-x64\jre\21.0.11-win32-x86_64\bin\nio.dll
Event: 0.353 Loaded shared library C:\Users\Admin\.vscode\extensions\redhat.java-1.55.0-win32-x64\jre\21.0.11-win32-x86_64\bin\zip.dll
Event: 0.386 Loaded shared library C:\Users\Admin\.vscode\extensions\redhat.java-1.55.0-win32-x64\jre\21.0.11-win32-x86_64\bin\jimage.dll
Event: 0.534 Loaded shared library c:\Users\Admin\.vscode\extensions\redhat.java-1.55.0-win32-x64\jre\21.0.11-win32-x86_64\bin\verify.dll
Event: 24.634 Loaded shared library C:\Users\Admin\AppData\Roaming\Code\User\globalStorage\redhat.java\1.55.0\config_win\org.eclipse.equinox.launcher\org.eclipse.equinox.launcher.win32.win32.x86_64_1.3.100.v20260613-0559\eclipse_11924.dll

Deoptimization events (20 events):
Event: 144.171 Thread 0x00000151ff090670 Uncommon trap: trap_request=0xffffffc6 fr.pc=0x0000015187c24ff4 relative=0x00000000000005d4
Event: 144.171 Thread 0x00000151ff090670 Uncommon trap: reason=bimorphic_or_optimized_type_check action=maybe_recompile pc=0x0000015187c24ff4 method=java.io.DataInputStream.readUnsignedByte()I @ 4 c2
Event: 144.171 Thread 0x00000151ff090670 DEOPT PACKING pc=0x0000015187c24ff4 sp=0x0000003ebc9fb530
Event: 144.171 Thread 0x00000151ff090670 DEOPT UNPACKING pc=0x0000015187586da2 sp=0x0000003ebc9fb498 mode 2
Event: 144.171 Thread 0x00000151ff090670 Uncommon trap: trap_request=0xffffffc6 fr.pc=0x0000015187c24ff4 relative=0x00000000000005d4
Event: 144.171 Thread 0x00000151ff090670 Uncommon trap: reason=bimorphic_or_optimized_type_check action=maybe_recompile pc=0x0000015187c24ff4 method=java.io.DataInputStream.readUnsignedByte()I @ 4 c2
Event: 144.171 Thread 0x00000151ff090670 DEOPT PACKING pc=0x0000015187c24ff4 sp=0x0000003ebc9fb530
Event: 144.171 Thread 0x00000151ff090670 DEOPT UNPACKING pc=0x0000015187586da2 sp=0x0000003ebc9fb498 mode 2
Event: 144.172 Thread 0x00000151ff090670 Uncommon trap: trap_request=0xffffffc6 fr.pc=0x0000015187c24ff4 relative=0x00000000000005d4
Event: 144.172 Thread 0x00000151ff090670 Uncommon trap: reason=bimorphic_or_optimized_type_check action=maybe_recompile pc=0x0000015187c24ff4 method=java.io.DataInputStream.readUnsignedByte()I @ 4 c2
Event: 144.172 Thread 0x00000151ff090670 DEOPT PACKING pc=0x0000015187c24ff4 sp=0x0000003ebc9fb530
Event: 144.172 Thread 0x00000151ff090670 DEOPT UNPACKING pc=0x0000015187586da2 sp=0x0000003ebc9fb498 mode 2
Event: 144.172 Thread 0x00000151ff090670 Uncommon trap: trap_request=0xffffffc6 fr.pc=0x0000015187c24ff4 relative=0x00000000000005d4
Event: 144.172 Thread 0x00000151ff090670 Uncommon trap: reason=bimorphic_or_optimized_type_check action=maybe_recompile pc=0x0000015187c24ff4 method=java.io.DataInputStream.readUnsignedByte()I @ 4 c2
Event: 144.172 Thread 0x00000151ff090670 DEOPT PACKING pc=0x0000015187c24ff4 sp=0x0000003ebc9fb530
Event: 144.172 Thread 0x00000151ff090670 DEOPT UNPACKING pc=0x0000015187586da2 sp=0x0000003ebc9fb498 mode 2
Event: 144.173 Thread 0x00000151ff090670 Uncommon trap: trap_request=0xffffffc6 fr.pc=0x0000015187c209f0 relative=0x00000000000005d0
Event: 144.173 Thread 0x00000151ff090670 Uncommon trap: reason=bimorphic_or_optimized_type_check action=maybe_recompile pc=0x0000015187c209f0 method=java.io.DataInputStream.readUnsignedByte()I @ 4 c2
Event: 144.173 Thread 0x00000151ff090670 DEOPT PACKING pc=0x0000015187c209f0 sp=0x0000003ebc9fb4d0
Event: 144.173 Thread 0x00000151ff090670 DEOPT UNPACKING pc=0x0000015187586da2 sp=0x0000003ebc9fb498 mode 2

Classes loaded (20 events):
Event: 143.384 Loading class java/util/stream/LongStream done
Event: 143.384 Loading class java/util/stream/LongPipeline done
Event: 143.384 Loading class java/util/stream/LongPipeline$StatelessOp done
Event: 143.384 Loading class java/util/stream/ReferencePipeline$5 done
Event: 143.384 Loading class java/util/function/LongBinaryOperator
Event: 143.385 Loading class java/util/function/LongBinaryOperator done
Event: 143.386 Loading class java/util/stream/ReduceOps$10
Event: 143.388 Loading class java/util/stream/ReduceOps$10 done
Event: 143.388 Loading class java/util/stream/ReduceOps$8ReducingSink
Event: 143.388 Loading class java/util/stream/Sink$OfLong
Event: 143.389 Loading class java/util/stream/Sink$OfLong done
Event: 143.389 Loading class java/util/stream/ReduceOps$8ReducingSink done
Event: 143.389 Loading class java/util/stream/ReferencePipeline$5$1
Event: 143.390 Loading class java/util/stream/ReferencePipeline$5$1 done
Event: 144.011 Loading class java/nio/file/NoSuchFileException
Event: 144.011 Loading class java/nio/file/FileSystemException
Event: 144.011 Loading class java/nio/file/FileSystemException done
Event: 144.011 Loading class java/nio/file/NoSuchFileException done
Event: 144.568 Loading class java/lang/Process
Event: 144.569 Loading class java/lang/Process done

Classes unloaded (0 events):
No events

Classes redefined (0 events):
No events

Internal exceptions (20 events):
Event: 1.862 Thread 0x00000151f9cfb690 Exception <a 'java/lang/NoSuchMethodError'{0x00000000d59c2340}: 'void java.lang.invoke.DirectMethodHandle$Holder.invokeSpecial(java.lang.Object, java.lang.Object, java.lang.Object)'> (0x00000000d59c2340) 
thrown [s\src\hotspot\share\interpreter\linkResolver.cpp, line 773]
Event: 2.156 Thread 0x00000151f9cfb690 Exception <a 'java/lang/NoSuchMethodError'{0x00000000d6412c80}: 'int java.lang.invoke.DirectMethodHandle$Holder.invokeVirtual(java.lang.Object, java.lang.Object)'> (0x00000000d6412c80) 
thrown [s\src\hotspot\share\interpreter\linkResolver.cpp, line 773]
Event: 2.240 Thread 0x00000151f9cfb690 Exception <a 'java/lang/NoSuchMethodError'{0x00000000d6589278}: 'int java.lang.invoke.DirectMethodHandle$Holder.invokeStaticInit(java.lang.Object, java.lang.Object, java.lang.Object, java.lang.Object)'> (0x00000000d6589278) 
thrown [s\src\hotspot\share\interpreter\linkResolver.cpp, line 773]
Event: 2.241 Thread 0x00000151f9cfb690 Exception <a 'java/lang/IncompatibleClassChangeError'{0x00000000d6591960}: Found class java.lang.Object, but interface was expected> (0x00000000d6591960) 
thrown [s\src\hotspot\share\interpreter\linkResolver.cpp, line 840]
Event: 2.242 Thread 0x00000151f9cfb690 Exception <a 'java/lang/NoSuchMethodError'{0x00000000d6597f10}: 'void java.lang.invoke.DirectMethodHandle$Holder.invokeStaticInit(java.lang.Object, java.lang.Object)'> (0x00000000d6597f10) 
thrown [s\src\hotspot\share\interpreter\linkResolver.cpp, line 773]
Event: 2.243 Thread 0x00000151f9cfb690 Exception <a 'java/lang/NoSuchMethodError'{0x00000000d65a1308}: 'int java.lang.invoke.DirectMethodHandle$Holder.invokeStaticInit(java.lang.Object, java.lang.Object)'> (0x00000000d65a1308) 
thrown [s\src\hotspot\share\interpreter\linkResolver.cpp, line 773]
Event: 2.315 Thread 0x00000151f9cfb690 Exception <a 'java/lang/NoSuchMethodError'{0x00000000d67ec210}: 'java.lang.Object java.lang.invoke.DirectMethodHandle$Holder.newInvokeSpecial(java.lang.Object, int, java.lang.Object)'> (0x00000000d67ec210) 
thrown [s\src\hotspot\share\interpreter\linkResolver.cpp, line 773]
Event: 2.367 Thread 0x00000151f9cfb690 Exception <a 'java/lang/ClassNotFoundException'{0x00000000d6a0dea0}: sun/net/www/protocol/plurl/Handler> (0x00000000d6a0dea0) 
thrown [s\src\hotspot\share\classfile\systemDictionary.cpp, line 313]
Event: 2.368 Thread 0x00000151f9cfb690 Exception <a 'java/lang/ClassNotFoundException'{0x00000000d6a0ed20}: sun/net/www/protocol/plurl/Handler> (0x00000000d6a0ed20) 
thrown [s\src\hotspot\share\classfile\systemDictionary.cpp, line 313]
Event: 24.295 Thread 0x00000151f9cfb690 Exception <a 'java/lang/UnsatisfiedLinkError'{0x00000000d558a3c8}: 'void org.eclipse.equinox.launcher.JNIBridge._update_splash()'> (0x00000000d558a3c8) 
thrown [s\src\hotspot\share\prims\nativeLookup.cpp, line 415]
Event: 24.539 Thread 0x00000151d8133c70 Exception <a 'java/lang/NoSuchMethodError'{0x00000000d5868428}: 'void java.lang.invoke.DirectMethodHandle$Holder.invokeInterface(java.lang.Object, java.lang.Object, java.lang.Object)'> (0x00000000d5868428) 
thrown [s\src\hotspot\share\interpreter\linkResolver.cpp, line 773]
Event: 25.235 Thread 0x00000151ff090670 Exception <a 'java/lang/NoSuchMethodError'{0x00000000d5c4e1f0}: 'java.lang.Object java.lang.invoke.DirectMethodHandle$Holder.newInvokeSpecial(java.lang.Object, java.lang.Object, int, java.lang.Object)'> (0x00000000d5c4e1f0) 
thrown [s\src\hotspot\share\interpreter\linkResolver.cpp, line 773]
Event: 25.236 Thread 0x00000151ff090670 Exception <a 'java/lang/NoSuchMethodError'{0x00000000d5c52020}: 'java.lang.Object java.lang.invoke.DirectMethodHandle$Holder.invokeSpecial(java.lang.Object, java.lang.Object, java.lang.Object, int, java.lang.Object)'> (0x00000000d5c52020) 
thrown [s\src\hotspot\share\interpreter\linkResolver.cpp, line 773]
Event: 25.261 Thread 0x00000151ff090670 Exception <a 'java/lang/NoClassDefFoundError'{0x00000000d5cf83c0}: jakarta/servlet/ServletContainerInitializer> (0x00000000d5cf83c0) 
thrown [s\src\hotspot\share\classfile\systemDictionary.cpp, line 302]
Event: 25.746 Thread 0x00000151ff090670 Exception <a 'java/lang/ClassNotFoundException'{0x00000000d5e65158}: sun/util/logging/resources/spi/loggingProvider> (0x00000000d5e65158) 
thrown [s\src\hotspot\share\classfile\systemDictionary.cpp, line 313]
Event: 139.998 Thread 0x00000151ff090670 Exception <a 'java/lang/NullPointerException'{0x00000000d6acd270}> (0x00000000d6acd270) 
thrown [s\src\hotspot\share\interpreter\linkResolver.cpp, line 1372]
Event: 139.999 Thread 0x00000151ff090670 Exception <a 'java/lang/NullPointerException'{0x00000000d6acd550}> (0x00000000d6acd550) 
thrown [s\src\hotspot\share\interpreter\linkResolver.cpp, line 1372]
Event: 143.379 Thread 0x00000151ff090670 Exception <a 'java/lang/NoSuchMethodError'{0x00000000d5b972d8}: 'long java.lang.invoke.DirectMethodHandle$Holder.invokeSpecial(java.lang.Object, java.lang.Object)'> (0x00000000d5b972d8) 
thrown [s\src\hotspot\share\interpreter\linkResolver.cpp, line 773]
Event: 144.029 Thread 0x00000151ff090670 Exception <a 'java/io/FileNotFoundException'{0x00000000d5ddabf8}> (0x00000000d5ddabf8) 
thrown [s\src\hotspot\share\prims\jni.cpp, line 520]
Event: 146.518 Thread 0x00000151ff090670 Exception <a 'java/lang/NoSuchMethodError'{0x00000000d62e5dd0}: 'java.lang.Object java.lang.invoke.Invokers$Holder.linkToTargetMethod(java.lang.Object, long, java.lang.Object)'> (0x00000000d62e5dd0) 
thrown [s\src\hotspot\share\interpreter\linkResolver.cpp, line 773]

ZGC Phase Switch (0 events):
No events

VM Operations (20 events):
Event: 138.673 Executing safepoint VM operation: Cleanup
Event: 138.689 Executing safepoint VM operation: Cleanup done
Event: 139.691 Executing safepoint VM operation: Cleanup
Event: 139.721 Executing safepoint VM operation: Cleanup done
Event: 140.728 Executing safepoint VM operation: Cleanup
Event: 140.913 Executing safepoint VM operation: Cleanup done
Event: 140.929 Executing safepoint VM operation: ParallelGCFailedAllocation (Allocation Failure)
Event: 140.963 Executing safepoint VM operation: ParallelGCFailedAllocation (Allocation Failure) done
Event: 141.223 Executing non-safepoint VM operation: HandshakeAllThreads (Deoptimize)
Event: 141.223 Executing non-safepoint VM operation: HandshakeAllThreads (Deoptimize) done
Event: 142.230 Executing safepoint VM operation: Cleanup
Event: 142.230 Executing safepoint VM operation: Cleanup done
Event: 143.233 Executing safepoint VM operation: Cleanup
Event: 143.233 Executing safepoint VM operation: Cleanup done
Event: 144.248 Executing safepoint VM operation: Cleanup
Event: 144.356 Executing safepoint VM operation: Cleanup done
Event: 145.363 Executing safepoint VM operation: Cleanup
Event: 145.364 Executing safepoint VM operation: Cleanup done
Event: 146.369 Executing safepoint VM operation: Cleanup
Event: 146.369 Executing safepoint VM operation: Cleanup done

Memory protections (0 events):
No events

Nmethod flushes (0 events):
No events

Events (20 events):
Event: 1.798 Thread 0x00000151ff3c09d0 Thread exited: 0x00000151ff3c09d0
Event: 1.835 Thread 0x00000151ff31dcc0 Thread exited: 0x00000151ff31dcc0
Event: 1.859 Thread 0x00000151fd7be360 Thread added: 0x00000151ff6d9a30
Event: 1.932 Thread 0x00000151fd7be360 Thread added: 0x00000151ffbd3fb0
Event: 2.262 Thread 0x00000151f9cfb690 Thread added: 0x00000151d80b0490
Event: 2.558 Thread 0x00000151ff6d9a30 Thread exited: 0x00000151ff6d9a30
Event: 2.558 Thread 0x00000151ffbd3fb0 Thread exited: 0x00000151ffbd3fb0
Event: 24.130 Thread 0x00000151f9cfb690 Thread added: 0x00000151d8133c70
Event: 24.543 Thread 0x00000151d8133c70 Thread added: 0x00000151ff4ffb10
Event: 24.639 Thread 0x00000151f9cfb690 Thread added: 0x00000151ff090670
Event: 26.294 Thread 0x00000151fd7be360 Thread added: 0x00000151ff583fd0
Event: 26.303 Thread 0x00000151fd7be360 Thread added: 0x00000151ff425d00
Event: 26.562 Thread 0x00000151ff425d00 Thread exited: 0x00000151ff425d00
Event: 26.562 Thread 0x00000151ff583fd0 Thread exited: 0x00000151ff583fd0
Event: 32.682 Thread 0x00000151fd7be360 Thread added: 0x00000151ff339d60
Event: 33.158 Thread 0x00000151fd7be360 Thread added: 0x00000151ffba1120
Event: 33.362 Thread 0x00000151ffba1120 Thread exited: 0x00000151ffba1120
Event: 35.708 Thread 0x00000151ff339d60 Thread exited: 0x00000151ff339d60
Event: 68.263 Thread 0x00000151ff090670 Thread added: 0x00000151ff306f90
Event: 137.673 Thread 0x00000151ff090670 Thread added: 0x00000151ff16efe0


Dynamic libraries:
0x00007ff6d2570000 - 0x00007ff6d257e000 	c:\Users\Admin\.vscode\extensions\redhat.java-1.55.0-win32-x64\jre\21.0.11-win32-x86_64\bin\java.exe
0x00007ffe19210000 - 0x00007ffe19408000 	C:\Windows\SYSTEM32\ntdll.dll
0x00007ffe18d40000 - 0x00007ffe18dff000 	C:\Windows\System32\KERNEL32.DLL
0x00007ffe16c20000 - 0x00007ffe16f16000 	C:\Windows\System32\KERNELBASE.dll
0x00007ffe17040000 - 0x00007ffe17140000 	C:\Windows\System32\ucrtbase.dll
0x00007ffe053c0000 - 0x00007ffe053d8000 	c:\Users\Admin\.vscode\extensions\redhat.java-1.55.0-win32-x64\jre\21.0.11-win32-x86_64\bin\jli.dll
0x00007ffe17ee0000 - 0x00007ffe1807d000 	C:\Windows\System32\USER32.dll
0x00007ffe168f0000 - 0x00007ffe16912000 	C:\Windows\System32\win32u.dll
0x00007ffe18a30000 - 0x00007ffe18a5c000 	C:\Windows\System32\GDI32.dll
0x00007ffe16f20000 - 0x00007ffe17035000 	C:\Windows\System32\gdi32full.dll
0x00007ffe16920000 - 0x00007ffe169bd000 	C:\Windows\System32\msvcp_win.dll
0x00007ffe05550000 - 0x00007ffe0556e000 	c:\Users\Admin\.vscode\extensions\redhat.java-1.55.0-win32-x64\jre\21.0.11-win32-x86_64\bin\VCRUNTIME140.dll
0x00007ffdfe3d0000 - 0x00007ffdfe66a000 	C:\Windows\WinSxS\amd64_microsoft.windows.common-controls_6595b64144ccf1df_6.0.19041.1110_none_60b5254171f9507e\COMCTL32.dll
0x00007ffe18fa0000 - 0x00007ffe1903e000 	C:\Windows\System32\msvcrt.dll
0x00007ffe18080000 - 0x00007ffe180b0000 	C:\Windows\System32\IMM32.DLL
0x00007ffe0e910000 - 0x00007ffe0e91c000 	c:\Users\Admin\.vscode\extensions\redhat.java-1.55.0-win32-x64\jre\21.0.11-win32-x86_64\bin\vcruntime140_1.dll
0x00007ffdfc810000 - 0x00007ffdfc89d000 	c:\Users\Admin\.vscode\extensions\redhat.java-1.55.0-win32-x64\jre\21.0.11-win32-x86_64\bin\msvcp140.dll
0x00007ffd9c620000 - 0x00007ffd9d3c2000 	c:\Users\Admin\.vscode\extensions\redhat.java-1.55.0-win32-x64\jre\21.0.11-win32-x86_64\bin\server\jvm.dll
0x00007ffe17c50000 - 0x00007ffe17cff000 	C:\Windows\System32\ADVAPI32.dll
0x00007ffe18ba0000 - 0x00007ffe18c3c000 	C:\Windows\System32\sechost.dll
0x00007ffe18e00000 - 0x00007ffe18f26000 	C:\Windows\System32\RPCRT4.dll
0x00007ffe18f30000 - 0x00007ffe18f9b000 	C:\Windows\System32\WS2_32.dll
0x00007ffe15e60000 - 0x00007ffe15eab000 	C:\Windows\SYSTEM32\POWRPROF.dll
0x00007ffe0eb80000 - 0x00007ffe0eba7000 	C:\Windows\SYSTEM32\WINMM.dll
0x00007ffe05c90000 - 0x00007ffe05c9a000 	C:\Windows\SYSTEM32\VERSION.dll
0x00007ffe15d20000 - 0x00007ffe15d32000 	C:\Windows\SYSTEM32\UMPDC.dll
0x00007ffe15130000 - 0x00007ffe15142000 	C:\Windows\SYSTEM32\kernel.appcore.dll
0x00007ffe02140000 - 0x00007ffe0214a000 	c:\Users\Admin\.vscode\extensions\redhat.java-1.55.0-win32-x64\jre\21.0.11-win32-x86_64\bin\jimage.dll
0x00007ffe14620000 - 0x00007ffe14804000 	C:\Windows\SYSTEM32\DBGHELP.DLL
0x00007ffdfb190000 - 0x00007ffdfb1c4000 	C:\Windows\SYSTEM32\dbgcore.DLL
0x00007ffe171e0000 - 0x00007ffe17262000 	C:\Windows\System32\bcryptPrimitives.dll
0x00007ffe02130000 - 0x00007ffe0213f000 	c:\Users\Admin\.vscode\extensions\redhat.java-1.55.0-win32-x64\jre\21.0.11-win32-x86_64\bin\instrument.dll
0x00007ffdfdf00000 - 0x00007ffdfdf20000 	c:\Users\Admin\.vscode\extensions\redhat.java-1.55.0-win32-x64\jre\21.0.11-win32-x86_64\bin\java.dll
0x00007ffe173e0000 - 0x00007ffe17b24000 	C:\Windows\System32\SHELL32.dll
0x00007ffe14940000 - 0x00007ffe150d3000 	C:\Windows\SYSTEM32\windows.storage.dll
0x00007ffe186d0000 - 0x00007ffe18a24000 	C:\Windows\System32\combase.dll
0x00007ffe16340000 - 0x00007ffe1636e000 	C:\Windows\SYSTEM32\Wldp.dll
0x00007ffe17e30000 - 0x00007ffe17edd000 	C:\Windows\System32\SHCORE.dll
0x00007ffe18b40000 - 0x00007ffe18b95000 	C:\Windows\System32\shlwapi.dll
0x00007ffe16830000 - 0x00007ffe1684f000 	C:\Windows\SYSTEM32\profapi.dll
0x00007ffdfc7f0000 - 0x00007ffdfc808000 	c:\Users\Admin\.vscode\extensions\redhat.java-1.55.0-win32-x64\jre\21.0.11-win32-x86_64\bin\zip.dll
0x00007ffdfc7e0000 - 0x00007ffdfc7f0000 	C:\Users\Admin\.vscode\extensions\redhat.java-1.55.0-win32-x64\jre\21.0.11-win32-x86_64\bin\net.dll
0x00007ffe10ad0000 - 0x00007ffe10bda000 	C:\Windows\SYSTEM32\WINHTTP.dll
0x00007ffe160a0000 - 0x00007ffe1610a000 	C:\Windows\system32\mswsock.dll
0x00007ffdfc550000 - 0x00007ffdfc566000 	C:\Users\Admin\.vscode\extensions\redhat.java-1.55.0-win32-x64\jre\21.0.11-win32-x86_64\bin\nio.dll
0x00007ffdfc7d0000 - 0x00007ffdfc7e0000 	c:\Users\Admin\.vscode\extensions\redhat.java-1.55.0-win32-x64\jre\21.0.11-win32-x86_64\bin\verify.dll
0x00007ffdfc2d0000 - 0x00007ffdfc315000 	C:\Users\Admin\AppData\Roaming\Code\User\globalStorage\redhat.java\1.55.0\config_win\org.eclipse.equinox.launcher\org.eclipse.equinox.launcher.win32.win32.x86_64_1.3.100.v20260613-0559\eclipse_11924.dll
0x00007ffe190a0000 - 0x00007ffe191ca000 	C:\Windows\System32\ole32.dll

JVMTI agents:
c:\Users\Admin\.vscode\extensions\redhat.java-1.55.0-win32-x64\lombok\lombok-1.18.39-4050.jar path:c:\Users\Admin\.vscode\extensions\redhat.java-1.55.0-win32-x64\jre\21.0.11-win32-x86_64\bin\instrument.dll, loaded, initialized, instrumentlib options:none

dbghelp: loaded successfully - version: 4.0.5 - missing functions: none
symbol engine: initialized successfully - sym options: 0x614 - pdb path: .;c:\Users\Admin\.vscode\extensions\redhat.java-1.55.0-win32-x64\jre\21.0.11-win32-x86_64\bin;C:\Windows\SYSTEM32;C:\Windows\WinSxS\amd64_microsoft.windows.common-controls_6595b64144ccf1df_6.0.19041.1110_none_60b5254171f9507e;c:\Users\Admin\.vscode\extensions\redhat.java-1.55.0-win32-x64\jre\21.0.11-win32-x86_64\bin\server;C:\Users\Admin\AppData\Roaming\Code\User\globalStorage\redhat.java\1.55.0\config_win\org.eclipse.equinox.launcher\org.eclipse.equinox.launcher.win32.win32.x86_64_1.3.100.v20260613-0559

VM Arguments:
jvm_args: --add-modules=ALL-SYSTEM --add-opens=java.base/java.util=ALL-UNNAMED --add-opens=java.base/java.lang=ALL-UNNAMED --add-opens=java.base/sun.nio.fs=ALL-UNNAMED -Declipse.application=org.eclipse.jdt.ls.core.id1 -Dosgi.bundles.defaultStartLevel=4 -Declipse.product=org.eclipse.jdt.ls.core.product -Djava.import.generatesMetadataFilesAtProjectRoot=false -DDetectVMInstallationsJob.disabled=true -Dfile.encoding=utf8 -XX:+UseParallelGC -XX:GCTimeRatio=4 -XX:AdaptiveSizePolicyWeight=90 -Dsun.zip.disableMemoryMapping=true -Xmx2G -Xms100m -Xlog:disable -javaagent:c:\Users\Admin\.vscode\extensions\redhat.java-1.55.0-win32-x64\lombok\lombok-1.18.39-4050.jar -XX:+HeapDumpOnOutOfMemoryError -XX:HeapDumpPath=c:\Users\Admin\AppData\Roaming\Code\User\workspaceStorage\a90a2c676cc97a09c422fdd057554fff\redhat.java -Daether.dependencyCollector.impl=bf 
java_command: c:\Users\Admin\.vscode\extensions\redhat.java-1.55.0-win32-x64\server\plugins\org.eclipse.equinox.launcher_1.7.200.v20260619-2039.jar -configuration c:\Users\Admin\AppData\Roaming\Code\User\globalStorage\redhat.java\1.55.0\config_win -data c:\Users\Admin\AppData\Roaming\Code\User\workspaceStorage\a90a2c676cc97a09c422fdd057554fff\redhat.java\jdt_ws --pipe=\\.\pipe\lsp-38af90ca187f070d545a11ce4420b678-sock
java_class_path (initial): c:\Users\Admin\.vscode\extensions\redhat.java-1.55.0-win32-x64\server\plugins\org.eclipse.equinox.launcher_1.7.200.v20260619-2039.jar
Launcher Type: SUN_STANDARD

[Global flags]
    uintx AdaptiveSizePolicyWeight                 = 90                                        {product} {command line}
     intx CICompilerCount                          = 4                                         {product} {ergonomic}
    uintx GCTimeRatio                              = 4                                         {product} {command line}
     bool HeapDumpOnOutOfMemoryError               = true                                   {manageable} {command line}
    ccstr HeapDumpPath                             = c:\Users\Admin\AppData\Roaming\Code\User\workspaceStorage\a90a2c676cc97a09c422fdd057554fff\redhat.java         {manageable} {command line}
   size_t InitialHeapSize                          = 104857600                                 {product} {command line}
   size_t MaxHeapSize                              = 2147483648                                {product} {command line}
   size_t MaxNewSize                               = 715653120                                 {product} {ergonomic}
   size_t MinHeapDeltaBytes                        = 524288                                    {product} {ergonomic}
   size_t MinHeapSize                              = 104857600                                 {product} {command line}
   size_t NewSize                                  = 34603008                                  {product} {ergonomic}
    uintx NonNMethodCodeHeapSize                   = 5839372                                {pd product} {ergonomic}
    uintx NonProfiledCodeHeapSize                  = 122909434                              {pd product} {ergonomic}
   size_t OldSize                                  = 70254592                                  {product} {ergonomic}
    uintx ProfiledCodeHeapSize                     = 122909434                              {pd product} {ergonomic}
    uintx ReservedCodeCacheSize                    = 251658240                              {pd product} {ergonomic}
     bool SegmentedCodeCache                       = true                                      {product} {ergonomic}
   size_t SoftMaxHeapSize                          = 2147483648                             {manageable} {ergonomic}
     bool UseCompressedOops                        = true                           {product lp64_product} {ergonomic}
     bool UseLargePagesIndividualAllocation        = false                                  {pd product} {ergonomic}
     bool UseParallelGC                            = true                                      {product} {command line}

Logging:
Log output configuration:
 #0: stdout all=off uptime,level,tags foldmultilines=false
 #1: stderr all=off uptime,level,tags foldmultilines=false

Release file:
JAVA_VERSION="21.0.11" 
MODULES="java.base java.compiler java.datatransfer java.xml java.prefs java.desktop java.instrument java.logging java.management java.security.sasl java.naming java.rmi java.management.rmi java.net.http java.scripting java.security.jgss java.transaction.xa java.sql java.sql.rowset java.xml.crypto java.se java.smartcardio jdk.accessibility jdk.internal.jvmstat jdk.attach jdk.charsets jdk.internal.opt jdk.zipfs jdk.compiler jdk.crypto.ec jdk.crypto.cryptoki jdk.crypto.mscapi jdk.dynalink jdk.internal.ed jdk.editpad jdk.hotspot.agent jdk.httpserver jdk.internal.le jdk.internal.vm.ci jdk.internal.vm.compiler jdk.internal.vm.compiler.management jdk.jartool jdk.javadoc jdk.jcmd jdk.management jdk.management.agent jdk.jconsole jdk.jdeps jdk.jdwp.agent jdk.jdi jdk.jfr jdk.jshell jdk.jsobject jdk.jstatd jdk.localedata jdk.management.jfr jdk.naming.dns jdk.naming.rmi jdk.net jdk.nio.mapmode jdk.random jdk.sctp jdk.security.auth jdk.security.jgss jdk.unsupported jdk.unsupported.desktop jdk.xml.dom" 

Environment Variables:
JAVA_HOME=C:\Program Files\Java\jdk-21.0.10
PATH=C:\Program Files\Common Files\Oracle\Java\javapath;C:\Windows\system32;C:\Windows;C:\Windows\System32\Wbem;C:\Windows\System32\WindowsPowerShell\v1.0\;C:\Windows\System32\OpenSSH\;C:\Program Files\Microsoft SQL Server\150\Tools\Binn\;C:\Program Files\dotnet\;C:\Program Files\Microsoft SQL Server\170\Tools\Binn\;C:\Program Files\Microsoft SQL Server\Client SDK\ODBC\170\Tools\Binn\;C:\ProgramData\chocolatey\bin;D:\flutter\bin;C:\Program Files\Java\jdk-21.0.10\bin;C:\Users\Admin\apache-maven-3.9.16\bin;C:\Program Files\Cloudflare\Cloudflare WARP\;C:\Program Files\Git\cmd;C:\Program Files\MySQL\MySQL Server 8.0\bin;C:\Program Files\nodejs\;C:\Program Files\MySQL\MySQL Shell 8.0\bin\;C:\Users\Admin\AppData\Local\Programs\Python\Python311\Scripts;C:\Users\Admin\AppData\Local\Programs\Microsoft VS Code\bin;C:\Users\Admin\.dotnet\tools;C:\Users\Admin\.lmstudio\bin;C:\Users\Admin\.dotnet\tools;C:\Users\Admin\AppData\Roaming\npm
USERNAME=Admin
OS=Windows_NT
PROCESSOR_IDENTIFIER=Intel64 Family 6 Model 140 Stepping 1, GenuineIntel
TMP=C:\Users\Admin\AppData\Local\Temp
TEMP=C:\Users\Admin\AppData\Local\Temp




Periodic native trim disabled

---------------  S Y S T E M  ---------------

OS:
 Windows 10 , 64 bit Build 19041 (10.0.19041.3031)
OS uptime: 0 days 0:05 hours

CPU: total 8 (initial active 8) (4 cores per cpu, 2 threads per core) family 6 model 140 stepping 1 microcode 0xbc, cx8, cmov, fxsr, ht, mmx, 3dnowpref, sse, sse2, sse3, ssse3, sse4.1, sse4.2, popcnt, lzcnt, tsc, tscinvbit, avx, avx2, aes, erms, clmul, bmi1, bmi2, adx, avx512f, avx512dq, avx512cd, avx512bw, avx512vl, sha, fma, vzeroupper, avx512_vpopcntdq, avx512_vpclmulqdq, avx512_vaes, avx512_vnni, clflush, clflushopt, clwb, avx512_vbmi2, avx512_vbmi, rdtscp, rdpid, fsrm, gfni, avx512_bitalg, f16c, pku, cet_ibt, cet_ss, avx512_ifma
Processor Information for the first 8 processors :
  Max Mhz: 1498, Current Mhz: 1498, Mhz Limit: 1498

Memory: 4k page, system-wide physical 16110M (290M free)
TotalPageFile size 32494M (AvailPageFile size 100M)
current process WorkingSet (physical memory assigned to process): 87M, peak: 102M
current process commit charge ("private bytes"): 252M, peak: 252M

vm_info: OpenJDK 64-Bit Server VM (21.0.11+10-LTS) for windows-amd64 JRE (21.0.11+10-LTS), built on 2026-04-21T00:00:00Z by "admin" with MS VC++ 17.12 (VS2022)

END.
