#
# There is insufficient memory for the Java Runtime Environment to continue.
# Native memory allocation (malloc) failed to allocate 1048576 bytes. Error detail: AllocateHeap
# Possible reasons:
#   The system is out of physical RAM or swap space
#   This process is running with CompressedOops enabled, and the Java Heap may be blocking the growth of the native heap
# Possible solutions:
#   Reduce memory load on the system
#   Increase physical memory or swap space
#   Check if swap backing store is full
#   Decrease Java heap size (-Xmx/-Xms)
#   Decrease number of Java threads
#   Decrease Java thread stack sizes (-Xss)
#   Set larger code cache with -XX:ReservedCodeCacheSize=
#   JVM is running with Unscaled Compressed Oops mode in which the Java heap is
#     placed in the first 4GB address space. The Java Heap base address is the
#     maximum limit for the native heap growth. Please use -XX:HeapBaseMinAddress
#     to set the Java Heap base and to place the Java Heap above 4GB virtual address.
# This output file may be truncated or incomplete.
#
#  Out of Memory Error (allocation.cpp:44), pid=69684, tid=25016
#
# JRE version: OpenJDK Runtime Environment Temurin-21.0.11+10 (21.0.11+10) (build 21.0.11+10-LTS)
# Java VM: OpenJDK 64-Bit Server VM Temurin-21.0.11+10 (21.0.11+10-LTS, mixed mode, sharing, tiered, compressed oops, compressed class ptrs, parallel gc, windows-amd64)
# No core dump will be written. Minidumps are not enabled by default on client versions of Windows
#

---------------  S U M M A R Y ------------

Command Line: --add-modules=ALL-SYSTEM --add-opens=java.base/java.util=ALL-UNNAMED --add-opens=java.base/java.lang=ALL-UNNAMED --add-opens=java.base/sun.nio.fs=ALL-UNNAMED -Declipse.application=org.eclipse.jdt.ls.core.id1 -Dosgi.bundles.defaultStartLevel=4 -Declipse.product=org.eclipse.jdt.ls.core.product -Djava.import.generatesMetadataFilesAtProjectRoot=false -DDetectVMInstallationsJob.disabled=true -Dfile.encoding=utf8 -XX:+UseParallelGC -XX:GCTimeRatio=4 -XX:AdaptiveSizePolicyWeight=90 -Dsun.zip.disableMemoryMapping=true -Xmx2G -Xms100m -Xlog:disable -javaagent:c:\Users\ASUS\.vscode\extensions\redhat.java-1.55.0-win32-x64\lombok\lombok-1.18.39-4050.jar -XX:+HeapDumpOnOutOfMemoryError -XX:HeapDumpPath=c:\Users\ASUS\AppData\Roaming\Code\User\workspaceStorage\6d8f091235e3d96ddabeb381b4573241\redhat.java -Daether.dependencyCollector.impl=bf c:\Users\ASUS\.vscode\extensions\redhat.java-1.55.0-win32-x64\server\plugins\org.eclipse.equinox.launcher_1.7.200.v20260619-2039.jar -configuration c:\Users\ASUS\AppData\Roaming\Code\User\globalStorage\redhat.java\1.55.0\config_win -data c:\Users\ASUS\AppData\Roaming\Code\User\workspaceStorage\6d8f091235e3d96ddabeb381b4573241\redhat.java\jdt_ws --pipe=\\.\pipe\lsp-5ec6efb406a550e4f21dd4040c6dbb4e-sock

Host: 13th Gen Intel(R) Core(TM) i5-13500H, 16 cores, 15G,  Windows 11 , 64 bit Build 26100 (10.0.26100.8972)
Time: Mon Aug 10 15:48:49 2026 SE Asia Standard Time elapsed time: 6375.666503 seconds (0d 1h 46m 15s)

---------------  T H R E A D  ---------------

Current thread (0x000001e1bfb7cd20):  JavaThread "Attach Listener" daemon [_thread_in_vm, id=25016, stack(0x0000000e73e00000,0x0000000e73f00000) (1024K)]

Stack: [0x0000000e73e00000,0x0000000e73f00000]
Native frames: (J=compiled Java code, j=interpreted, Vv=VM code, C=native code)
V  [jvm.dll+0x6d7e19]
V  [jvm.dll+0x8b5096]
V  [jvm.dll+0x8b764e]
V  [jvm.dll+0x8b7d33]
V  [jvm.dll+0x284596]
V  [jvm.dll+0xc13c7]
V  [jvm.dll+0x6d86c9]
V  [jvm.dll+0x133616]
V  [jvm.dll+0x3f868e]
V  [jvm.dll+0x85fb0d]
V  [jvm.dll+0x6d664d]
C  [ucrtbase.dll+0x2cd30]
C  [KERNEL32.DLL+0x2ccb7]
C  [ntdll.dll+0xaad6c]


---------------  P R O C E S S  ---------------

Threads class SMR info:
_java_thread_list=0x000001e223006000, length=61, elements={
0x000001e1bd70cea0, 0x000001e1bfb741c0, 0x000001e1bfb77650, 0x000001e1bfb79e00,
0x000001e1bfb7cd20, 0x000001e1bfb7ece0, 0x000001e1bfb85440, 0x000001e1bfb8c710,
0x000001e218906770, 0x000001e218b796b0, 0x000001e218c5e420, 0x000001e21f1b9250,
0x000001e21f393930, 0x000001e21a443560, 0x000001e21f1f7fb0, 0x000001e21f652590,
0x000001e218c62c60, 0x000001e21f682080, 0x000001e21a94fd00, 0x000001e21a950390,
0x000001e21a94efe0, 0x000001e222564670, 0x000001e222563950, 0x000001e222565a20,
0x000001e2225632c0, 0x000001e2225660b0, 0x000001e222564d00, 0x000001e222567460,
0x000001e222565390, 0x000001e222566740, 0x000001e222566dd0, 0x000001e222563fe0,
0x000001e22256a250, 0x000001e222569bc0, 0x000001e222569530, 0x000001e222568180,
0x000001e22256a8e0, 0x000001e222568810, 0x000001e222fe3870, 0x000001e222fe3f00,
0x000001e222fe7380, 0x000001e222fe4c20, 0x000001e222fe5940, 0x000001e22109b070,
0x000001e2247473b0, 0x000001e2247452e0, 0x000001e224746d20, 0x000001e221059b50,
0x000001e221098280, 0x000001e222fe24c0, 0x000001e222fe2b50, 0x000001e222fe31e0,
0x000001e2210559b0, 0x000001e2210566d0, 0x000001e22105c2b0, 0x000001e2210587a0,
0x000001e221055320, 0x000001e22105c940, 0x000001e22105a870, 0x000001e22105b590,
0x000001e221096ed0
}

Java Threads: ( => current thread )
  0x000001e1bd70cea0 JavaThread "main"                              [_thread_blocked, id=17092, stack(0x0000000e73700000,0x0000000e73800000) (1024K)]
  0x000001e1bfb741c0 JavaThread "Reference Handler"          daemon [_thread_blocked, id=14960, stack(0x0000000e73b00000,0x0000000e73c00000) (1024K)]
  0x000001e1bfb77650 JavaThread "Finalizer"                  daemon [_thread_blocked, id=21080, stack(0x0000000e73c00000,0x0000000e73d00000) (1024K)]
  0x000001e1bfb79e00 JavaThread "Signal Dispatcher"          daemon [_thread_blocked, id=72512, stack(0x0000000e73d00000,0x0000000e73e00000) (1024K)]
=>0x000001e1bfb7cd20 JavaThread "Attach Listener"            daemon [_thread_in_vm, id=25016, stack(0x0000000e73e00000,0x0000000e73f00000) (1024K)]
  0x000001e1bfb7ece0 JavaThread "Service Thread"             daemon [_thread_blocked, id=25096, stack(0x0000000e73f00000,0x0000000e74000000) (1024K)]
  0x000001e1bfb85440 JavaThread "Monitor Deflation Thread"   daemon [_thread_blocked, id=57376, stack(0x0000000e74000000,0x0000000e74100000) (1024K)]
  0x000001e1bfb8c710 JavaThread "C2 CompilerThread0"         daemon [_thread_blocked, id=55168, stack(0x0000000e74100000,0x0000000e74200000) (1024K)]
  0x000001e218906770 JavaThread "C1 CompilerThread0"         daemon [_thread_blocked, id=15444, stack(0x0000000e74200000,0x0000000e74300000) (1024K)]
  0x000001e218b796b0 JavaThread "Common-Cleaner"             daemon [_thread_blocked, id=72876, stack(0x0000000e74800000,0x0000000e74900000) (1024K)]
  0x000001e218c5e420 JavaThread "Notification Thread"        daemon [_thread_blocked, id=13360, stack(0x0000000e74900000,0x0000000e74a00000) (1024K)]
  0x000001e21f1b9250 JavaThread "Active Thread: Equinox Container: 631b2611-61bd-4f39-9934-563a82ca69da"        [_thread_blocked, id=9204, stack(0x0000000e75200000,0x0000000e75300000) (1024K)]
  0x000001e21f393930 JavaThread "Refresh Thread: Equinox Container: 631b2611-61bd-4f39-9934-563a82ca69da" daemon [_thread_blocked, id=67412, stack(0x0000000e75000000,0x0000000e75100000) (1024K)]
  0x000001e21a443560 JavaThread "Framework Event Dispatcher: Equinox Container: 631b2611-61bd-4f39-9934-563a82ca69da" daemon [_thread_blocked, id=59848, stack(0x0000000e75100000,0x0000000e75200000) (1024K)]
  0x000001e21f1f7fb0 JavaThread "Start Level: Equinox Container: 631b2611-61bd-4f39-9934-563a82ca69da" daemon [_thread_blocked, id=67360, stack(0x0000000e75400000,0x0000000e75500000) (1024K)]
  0x000001e21f652590 JavaThread "Bundle File Closer"         daemon [_thread_blocked, id=4772, stack(0x0000000e75900000,0x0000000e75a00000) (1024K)]
  0x000001e218c62c60 JavaThread "SCR Component Actor"        daemon [_thread_blocked, id=63768, stack(0x0000000e74500000,0x0000000e74600000) (1024K)]
  0x000001e21f682080 JavaThread "Worker-JM"                         [_thread_blocked, id=23612, stack(0x0000000e75a00000,0x0000000e75b00000) (1024K)]
  0x000001e21a94fd00 JavaThread "JNA Cleaner"                daemon [_thread_blocked, id=41412, stack(0x0000000e75500000,0x0000000e75600000) (1024K)]
  0x000001e21a950390 JavaThread "Java indexing"              daemon [_thread_blocked, id=61132, stack(0x0000000e76100000,0x0000000e76200000) (1024K)]
  0x000001e21a94efe0 JavaThread "Thread-1"                   daemon [_thread_in_native, id=26760, stack(0x0000000e76700000,0x0000000e76800000) (1024K)]
  0x000001e222564670 JavaThread "Thread-2"                   daemon [_thread_in_native, id=33404, stack(0x0000000e76800000,0x0000000e76900000) (1024K)]
  0x000001e222563950 JavaThread "Thread-3"                   daemon [_thread_in_native, id=28788, stack(0x0000000e76900000,0x0000000e76a00000) (1024K)]
  0x000001e222565a20 JavaThread "Thread-4"                   daemon [_thread_in_native, id=39676, stack(0x0000000e76a00000,0x0000000e76b00000) (1024K)]
  0x000001e2225632c0 JavaThread "Thread-5"                   daemon [_thread_in_native, id=26492, stack(0x0000000e76b00000,0x0000000e76c00000) (1024K)]
  0x000001e2225660b0 JavaThread "Thread-6"                   daemon [_thread_in_native, id=61256, stack(0x0000000e76c00000,0x0000000e76d00000) (1024K)]
  0x000001e222564d00 JavaThread "Thread-7"                   daemon [_thread_in_native, id=36596, stack(0x0000000e76d00000,0x0000000e76e00000) (1024K)]
  0x000001e222567460 JavaThread "Thread-8"                   daemon [_thread_in_native, id=34992, stack(0x0000000e76e00000,0x0000000e76f00000) (1024K)]
  0x000001e222565390 JavaThread "Thread-9"                   daemon [_thread_in_native, id=64044, stack(0x0000000e76f00000,0x0000000e77000000) (1024K)]
  0x000001e222566740 JavaThread "Thread-10"                  daemon [_thread_in_native, id=30264, stack(0x0000000e77000000,0x0000000e77100000) (1024K)]
  0x000001e222566dd0 JavaThread "Thread-11"                  daemon [_thread_in_native, id=45332, stack(0x0000000e77100000,0x0000000e77200000) (1024K)]
  0x000001e222563fe0 JavaThread "Thread-12"                  daemon [_thread_in_native, id=66352, stack(0x0000000e77200000,0x0000000e77300000) (1024K)]
  0x000001e22256a250 JavaThread "Thread-13"                  daemon [_thread_in_native, id=57904, stack(0x0000000e77300000,0x0000000e77400000) (1024K)]
  0x000001e222569bc0 JavaThread "Thread-14"                  daemon [_thread_in_native, id=14788, stack(0x0000000e77400000,0x0000000e77500000) (1024K)]
  0x000001e222569530 JavaThread "Thread-15"                  daemon [_thread_in_native, id=62312, stack(0x0000000e77500000,0x0000000e77600000) (1024K)]
  0x000001e222568180 JavaThread "Thread-16"                  daemon [_thread_in_native, id=29976, stack(0x0000000e77600000,0x0000000e77700000) (1024K)]
  0x000001e22256a8e0 JavaThread "Thread-17"                  daemon [_thread_in_native, id=24880, stack(0x0000000e77700000,0x0000000e77800000) (1024K)]
  0x000001e222568810 JavaThread "pool-2-thread-1"                   [_thread_blocked, id=67976, stack(0x0000000e77c00000,0x0000000e77d00000) (1024K)]
  0x000001e222fe3870 JavaThread "PatternSearchJob-worker-11" daemon [_thread_blocked, id=73184, stack(0x0000000e78700000,0x0000000e78800000) (1024K)]
  0x000001e222fe3f00 JavaThread "PatternSearchJob-worker-12" daemon [_thread_blocked, id=49072, stack(0x0000000e78800000,0x0000000e78900000) (1024K)]
  0x000001e222fe7380 JavaThread "PatternSearchJob-worker-14" daemon [_thread_blocked, id=22080, stack(0x0000000e78a00000,0x0000000e78b00000) (1024K)]
  0x000001e222fe4c20 JavaThread "WorkspaceEventsHandler"            [_thread_blocked, id=40076, stack(0x0000000e78c00000,0x0000000e78d00000) (1024K)]
  0x000001e222fe5940 JavaThread "pool-1-thread-1"                   [_thread_blocked, id=52148, stack(0x0000000e78d00000,0x0000000e78e00000) (1024K)]
  0x000001e22109b070 JavaThread "Cleaner-0"                  daemon [_thread_blocked, id=70072, stack(0x0000000e75f00000,0x0000000e76000000) (1024K)]
  0x000001e2247473b0 JavaThread "PatternSearchJob-worker-16" daemon [_thread_blocked, id=16568, stack(0x0000000e75d00000,0x0000000e75e00000) (1024K)]
  0x000001e2247452e0 JavaThread "PatternSearchJob-worker-18" daemon [_thread_blocked, id=19644, stack(0x0000000e76000000,0x0000000e76100000) (1024K)]
  0x000001e224746d20 JavaThread "PatternSearchJob-worker-19" daemon [_thread_blocked, id=27812, stack(0x0000000e76200000,0x0000000e76300000) (1024K)]
  0x000001e221059b50 JavaThread "PatternSearchJob-worker-23" daemon [_thread_blocked, id=60820, stack(0x0000000e77800000,0x0000000e77900000) (1024K)]
  0x000001e221098280 JavaThread "Worker-29: Publish Diagnostics"        [_thread_blocked, id=47440, stack(0x0000000e75c00000,0x0000000e75d00000) (1024K)]
  0x000001e222fe24c0 JavaThread "ForkJoinPool.commonPool-worker-26" daemon [_thread_blocked, id=17312, stack(0x0000000e73600000,0x0000000e73700000) (1024K)]
  0x000001e222fe2b50 JavaThread "ForkJoinPool.commonPool-worker-28" daemon [_thread_blocked, id=12224, stack(0x0000000e76500000,0x0000000e76600000) (1024K)]
  0x000001e222fe31e0 JavaThread "Compiler Source File Reader" daemon [_thread_blocked, id=24600, stack(0x0000000e77900000,0x0000000e77a00000) (1024K)]
  0x000001e2210559b0 JavaThread "Worker-33"                         [_thread_blocked, id=7592, stack(0x0000000e77d00000,0x0000000e77e00000) (1024K)]
  0x000001e2210566d0 JavaThread "ForkJoinPool.commonPool-worker-29" daemon [_thread_blocked, id=29308, stack(0x0000000e77e00000,0x0000000e77f00000) (1024K)]
  0x000001e22105c2b0 JavaThread "ForkJoinPool.commonPool-worker-32" daemon [_thread_blocked, id=16132, stack(0x0000000e78100000,0x0000000e78200000) (1024K)]
  0x000001e2210587a0 JavaThread "Compiler Source File Reader" daemon [_thread_blocked, id=29252, stack(0x0000000e73400000,0x0000000e73500000) (1024K)]
  0x000001e221055320 JavaThread "Worker-34"                         [_thread_blocked, id=23828, stack(0x0000000e73500000,0x0000000e73600000) (1024K)]
  0x000001e22105c940 JavaThread "Compiler Processing Task"   daemon [_thread_blocked, id=33752, stack(0x0000000e74300000,0x0000000e74400000) (1024K)]
  0x000001e22105a870 JavaThread "Worker-35"                         [_thread_blocked, id=41956, stack(0x0000000e74400000,0x0000000e74500000) (1024K)]
  0x000001e22105b590 JavaThread "ForkJoinPool.commonPool-worker-33" daemon [_thread_blocked, id=56436, stack(0x0000000e75b00000,0x0000000e75c00000) (1024K)]
  0x000001e221096ed0 JavaThread "ForkJoinPool.commonPool-worker-34" daemon [_thread_blocked, id=32732, stack(0x0000000e75e00000,0x0000000e75f00000) (1024K)]
Total: 61

Other Threads:
  0x000001e1bfa62d70 VMThread "VM Thread"                           [id=73468, stack(0x0000000e73a00000,0x0000000e73b00000) (1024K)] _threads_hazard_ptr=0x000001e223006000
  0x000001e1bf95ca10 WatcherThread "VM Periodic Task Thread"        [id=27080, stack(0x0000000e73900000,0x0000000e73a00000) (1024K)]
  0x000001e1bfaedc10 WorkerThread "GC Thread#0"                     [id=19552, stack(0x0000000e73800000,0x0000000e73900000) (1024K)]
  0x000001e21a81af70 WorkerThread "GC Thread#1"                     [id=55472, stack(0x0000000e74a00000,0x0000000e74b00000) (1024K)]
  0x000001e21f1e27b0 WorkerThread "GC Thread#2"                     [id=9560, stack(0x0000000e74b00000,0x0000000e74c00000) (1024K)]
  0x000001e21a343280 WorkerThread "GC Thread#3"                     [id=54016, stack(0x0000000e74c00000,0x0000000e74d00000) (1024K)]
  0x000001e21a343630 WorkerThread "GC Thread#4"                     [id=25120, stack(0x0000000e74d00000,0x0000000e74e00000) (1024K)]
  0x000001e21a3439e0 WorkerThread "GC Thread#5"                     [id=26000, stack(0x0000000e74e00000,0x0000000e74f00000) (1024K)]
  0x000001e21a343d90 WorkerThread "GC Thread#6"                     [id=34552, stack(0x0000000e74f00000,0x0000000e75000000) (1024K)]
  0x000001e21a852b70 WorkerThread "GC Thread#7"                     [id=46672, stack(0x0000000e75300000,0x0000000e75400000) (1024K)]
  0x000001e21f5b3af0 WorkerThread "GC Thread#8"                     [id=68364, stack(0x0000000e75600000,0x0000000e75700000) (1024K)]
  0x000001e21f7283f0 WorkerThread "GC Thread#9"                     [id=70528, stack(0x0000000e75700000,0x0000000e75800000) (1024K)]
  0x000001e21f7287a0 WorkerThread "GC Thread#10"                    [id=70920, stack(0x0000000e75800000,0x0000000e75900000) (1024K)]
  0x000001e2189327c0 WorkerThread "GC Thread#11"                    [id=27136, stack(0x0000000e74600000,0x0000000e74700000) (1024K)]
  0x000001e218932b70 WorkerThread "GC Thread#12"                    [id=27128, stack(0x0000000e74700000,0x0000000e74800000) (1024K)]
Total: 15

Threads with active compile tasks:
C2 CompilerThread0  6375699 24530       4       org.eclipse.jdt.internal.compiler.lookup.ParameterizedGenericMethodBinding::substitute (52 bytes)
C1 CompilerThread0  6375699 24529       3       java.lang.invoke.LambdaForm$DMH/0x000001e1d891c000::newInvokeSpecial (27 bytes)
Total: 2

VM state: synchronizing (normal execution)

VM Mutex/Monitor currently owned by a thread:  ([mutex/lock_event])
[0x00007ffa89e9f570] Threads_lock - owner thread: 0x000001e1bfa62d70
[0x00007ffa89e9f670] Heap_lock - owner thread: 0x000001e221098280

Heap address: 0x0000000080000000, size: 2048 MB, Compressed Oops mode: 32-bit

CDS archive(s) mapped at: [0x000001e1d7000000-0x000001e1d7ba0000-0x000001e1d7ba0000), size 12189696, SharedBaseAddress: 0x000001e1d7000000, ArchiveRelocationMode: 1.
Compressed class space mapped at: 0x000001e1d8000000-0x000001e218000000, reserved size: 1073741824
Narrow klass base: 0x000001e1d7000000, Narrow klass shift: 0, Narrow klass range: 0x100000000

GC Precious Log:
 CardTable entry size: 512
 CPUs: 16 total, 16 available
 Memory: 16008M
 Large Page Support: Disabled
 NUMA Support: Disabled
 Compressed Oops: Enabled (32-bit)
 Alignments: Space 512K, Generation 512K, Heap 2M
 Heap Min Capacity: 100M
 Heap Initial Capacity: 100M
 Heap Max Capacity: 2G
 Pre-touch: Disabled
 Parallel Workers: 13

Heap:
 PSYoungGen      total 5632K, used 5024K [0x00000000d5580000, 0x00000000d5d80000, 0x0000000100000000)
  eden space 4096K, 100% used [0x00000000d5580000,0x00000000d5980000,0x00000000d5980000)
  from space 1536K, 60% used [0x00000000d5980000,0x00000000d5a68000,0x00000000d5b00000)
  to   space 1536K, 0% used [0x00000000d5c00000,0x00000000d5c00000,0x00000000d5d80000)
 ParOldGen       total 993792K, used 993390K [0x0000000080000000, 0x00000000bca80000, 0x00000000d5580000)
  object space 993792K, 99% used [0x0000000080000000,0x00000000bca1bae8,0x00000000bca80000)
 Metaspace       used 86383K, committed 88064K, reserved 1179648K
  class space    used 8597K, committed 9344K, reserved 1048576K

Card table byte_map: [0x000001e1bf470000,0x000001e1bf880000] _byte_map_base: 0x000001e1bf070000

Marking Bits: (ParMarkBitMap*) 0x00007ffa89ea4460
 Begin Bits: [0x000001e1d1f80000, 0x000001e1d3f80000)
 End Bits:   [0x000001e1d3f80000, 0x000001e1d5f80000)

Polling page: 0x000001e1bd6c0000

Metaspace:

Usage:
  Non-class:     75.96 MB used.
      Class:      8.40 MB used.
       Both:     84.36 MB used.

Virtual space:
  Non-class space:      128.00 MB reserved,      76.88 MB ( 60%) committed,  2 nodes.
      Class space:        1.00 GB reserved,       9.12 MB ( <1%) committed,  1 nodes.
             Both:        1.12 GB reserved,      86.00 MB (  7%) committed. 

Chunk freelists:
   Non-Class:  2.23 MB
       Class:  6.88 MB
        Both:  9.11 MB

MaxMetaspaceSize: unlimited
CompressedClassSpaceSize: 1.00 GB
Initial GC threshold: 21.00 MB
Current GC threshold: 141.88 MB
CDS: on
 - commit_granule_bytes: 65536.
 - commit_granule_words: 8192.
 - virtual_space_node_default_size: 8388608.
 - enlarge_chunks_in_place: 1.
 - use_allocation_guard: 0.


Internal statistics:

num_allocs_failed_limit: 9.
num_arena_births: 1806.
num_arena_deaths: 406.
num_vsnodes_births: 3.
num_vsnodes_deaths: 0.
num_space_committed: 1378.
num_space_uncommitted: 2.
num_chunks_returned_to_freelist: 505.
num_chunks_taken_from_freelist: 6552.
num_chunk_merges: 119.
num_chunk_splits: 3705.
num_chunks_enlarged: 1997.
num_inconsistent_stats: 0.

CodeHeap 'non-profiled nmethods': size=119168Kb used=20377Kb max_used=20582Kb free=98790Kb
 bounds [0x000001e1ca870000, 0x000001e1cbc90000, 0x000001e1d1cd0000]
CodeHeap 'profiled nmethods': size=119104Kb used=42657Kb max_used=47811Kb free=76446Kb
 bounds [0x000001e1c2cd0000, 0x000001e1c5b90000, 0x000001e1ca120000]
CodeHeap 'non-nmethods': size=7488Kb used=1483Kb max_used=3266Kb free=6004Kb
 bounds [0x000001e1ca120000, 0x000001e1ca520000, 0x000001e1ca870000]
CodeCache: size=245760Kb, used=64517Kb, max_used=71659Kb, free=181240Kb
 total_blobs=18921, nmethods=18116, adapters=707, full_count=0
Compilation: enabled, stopped_count=0, restarted_count=0

Compilation events (20 events):
Event: 6373.615 Thread 0x000001e218906770 24520       3       org.eclipse.jdt.core.dom.ASTConverter::<init> (101 bytes)
Event: 6373.615 Thread 0x000001e218906770 nmethod 24520 0x000001e1c3706e10 code [0x000001e1c3707060, 0x000001e1c3707880]
Event: 6373.615 Thread 0x000001e218906770 24521       3       org.eclipse.jdt.core.dom.AST::newAST (10 bytes)
Event: 6373.616 Thread 0x000001e218906770 nmethod 24521 0x000001e1c3e49890 code [0x000001e1c3e49a40, 0x000001e1c3e49be0]
Event: 6373.616 Thread 0x000001e218906770 24522       3       org.eclipse.jdt.core.dom.AST::<init> (315 bytes)
Event: 6373.618 Thread 0x000001e218906770 nmethod 24522 0x000001e1c336d390 code [0x000001e1c336d740, 0x000001e1c336f668]
Event: 6373.619 Thread 0x000001e218906770 24523       3       org.eclipse.jdt.core.dom.NodeEventHandler::<init> (5 bytes)
Event: 6373.619 Thread 0x000001e218906770 nmethod 24523 0x000001e1c3fc0b10 code [0x000001e1c3fc0cc0, 0x000001e1c3fc0e28]
Event: 6373.619 Thread 0x000001e218906770 24524       3       org.eclipse.jdt.internal.compiler.classfmt.ClassFileConstants::getComplianceLevelForJavaVersion (39 bytes)
Event: 6373.619 Thread 0x000001e218906770 nmethod 24524 0x000001e1c4663b90 code [0x000001e1c4663d40, 0x000001e1c4663f48]
Event: 6373.619 Thread 0x000001e218906770 24525       3       org.eclipse.jdt.core.dom.AST::setBindingResolver (18 bytes)
Event: 6373.619 Thread 0x000001e218906770 nmethod 24525 0x000001e1c471d610 code [0x000001e1c471d7c0, 0x000001e1c471d9d8]
Event: 6373.619 Thread 0x000001e218906770 24526       3       org.eclipse.jdt.core.dom.ASTConverter::setAST (29 bytes)
Event: 6373.621 Thread 0x000001e218906770 nmethod 24526 0x000001e1c43f3190 code [0x000001e1c43f3360, 0x000001e1c43f36a8]
Event: 6373.627 Thread 0x000001e218906770 24527       1       org.eclipse.jdt.core.dom.ParameterizedType::typeArguments (5 bytes)
Event: 6373.627 Thread 0x000001e218906770 nmethod 24527 0x000001e1cbb8e890 code [0x000001e1cbb8ea20, 0x000001e1cbb8eae8]
Event: 6374.662 Thread 0x000001e218906770 24528       3       org.eclipse.text.edits.MoveSourceEdit::setTargetEdit (14 bytes)
Event: 6374.662 Thread 0x000001e218906770 nmethod 24528 0x000001e1c4067d90 code [0x000001e1c4067f40, 0x000001e1c40680a8]
Event: 6374.663 Thread 0x000001e218906770 24529       3       java.lang.invoke.LambdaForm$DMH/0x000001e1d891c000::newInvokeSpecial (27 bytes)
Event: 6374.664 Thread 0x000001e1bfb8c710 24530       4       org.eclipse.jdt.internal.compiler.lookup.ParameterizedGenericMethodBinding::substitute (52 bytes)

GC Heap History (20 events):
Event: 6373.061 GC heap before
{Heap before GC invocations=1699 (full 6):
 PSYoungGen      total 5120K, used 4914K [0x00000000d5580000, 0x00000000d5e00000, 0x0000000100000000)
  eden space 4096K, 100% used [0x00000000d5580000,0x00000000d5980000,0x00000000d5980000)
  from space 1024K, 79% used [0x00000000d5a80000,0x00000000d5b4c858,0x00000000d5b80000)
  to   space 2048K, 0% used [0x00000000d5c00000,0x00000000d5c00000,0x00000000d5e00000)
 ParOldGen       total 980992K, used 980608K [0x0000000080000000, 0x00000000bbe00000, 0x00000000d5580000)
  object space 980992K, 99% used [0x0000000080000000,0x00000000bbda0078,0x00000000bbe00000)
 Metaspace       used 86358K, committed 88000K, reserved 1179648K
  class space    used 8597K, committed 9344K, reserved 1048576K
}
Event: 6373.065 GC heap after
{Heap after GC invocations=1699 (full 6):
 PSYoungGen      total 5632K, used 1074K [0x00000000d5580000, 0x00000000d5d80000, 0x0000000100000000)
  eden space 4096K, 0% used [0x00000000d5580000,0x00000000d5580000,0x00000000d5980000)
  from space 1536K, 69% used [0x00000000d5c00000,0x00000000d5d0cbb8,0x00000000d5d80000)
  to   space 1536K, 0% used [0x00000000d5a80000,0x00000000d5a80000,0x00000000d5c00000)
 ParOldGen       total 981504K, used 981082K [0x0000000080000000, 0x00000000bbe80000, 0x00000000d5580000)
  object space 981504K, 99% used [0x0000000080000000,0x00000000bbe16bc8,0x00000000bbe80000)
 Metaspace       used 86358K, committed 88000K, reserved 1179648K
  class space    used 8597K, committed 9344K, reserved 1048576K
}
Event: 6373.117 GC heap before
{Heap before GC invocations=1700 (full 6):
 PSYoungGen      total 5632K, used 5170K [0x00000000d5580000, 0x00000000d5d80000, 0x0000000100000000)
  eden space 4096K, 100% used [0x00000000d5580000,0x00000000d5980000,0x00000000d5980000)
  from space 1536K, 69% used [0x00000000d5c00000,0x00000000d5d0cbb8,0x00000000d5d80000)
  to   space 1536K, 0% used [0x00000000d5a80000,0x00000000d5a80000,0x00000000d5c00000)
 ParOldGen       total 981504K, used 981082K [0x0000000080000000, 0x00000000bbe80000, 0x00000000d5580000)
  object space 981504K, 99% used [0x0000000080000000,0x00000000bbe16bc8,0x00000000bbe80000)
 Metaspace       used 86358K, committed 88000K, reserved 1179648K
  class space    used 8597K, committed 9344K, reserved 1048576K
}
Event: 6373.123 GC heap after
{Heap after GC invocations=1700 (full 6):
 PSYoungGen      total 5632K, used 1536K [0x00000000d5580000, 0x00000000d5d80000, 0x0000000100000000)
  eden space 4096K, 0% used [0x00000000d5580000,0x00000000d5580000,0x00000000d5980000)
  from space 1536K, 100% used [0x00000000d5a80000,0x00000000d5c00000,0x00000000d5c00000)
  to   space 1536K, 0% used [0x00000000d5c00000,0x00000000d5c00000,0x00000000d5d80000)
 ParOldGen       total 982528K, used 982035K [0x0000000080000000, 0x00000000bbf80000, 0x00000000d5580000)
  object space 982528K, 99% used [0x0000000080000000,0x00000000bbf04cd8,0x00000000bbf80000)
 Metaspace       used 86358K, committed 88000K, reserved 1179648K
  class space    used 8597K, committed 9344K, reserved 1048576K
}
Event: 6373.141 GC heap before
{Heap before GC invocations=1701 (full 6):
 PSYoungGen      total 5632K, used 5632K [0x00000000d5580000, 0x00000000d5d80000, 0x0000000100000000)
  eden space 4096K, 100% used [0x00000000d5580000,0x00000000d5980000,0x00000000d5980000)
  from space 1536K, 100% used [0x00000000d5a80000,0x00000000d5c00000,0x00000000d5c00000)
  to   space 1536K, 0% used [0x00000000d5c00000,0x00000000d5c00000,0x00000000d5d80000)
 ParOldGen       total 982528K, used 982035K [0x0000000080000000, 0x00000000bbf80000, 0x00000000d5580000)
  object space 982528K, 99% used [0x0000000080000000,0x00000000bbf04cd8,0x00000000bbf80000)
 Metaspace       used 86360K, committed 88000K, reserved 1179648K
  class space    used 8597K, committed 9344K, reserved 1048576K
}
Event: 6373.147 GC heap after
{Heap after GC invocations=1701 (full 6):
 PSYoungGen      total 5120K, used 992K [0x00000000d5580000, 0x00000000d5d00000, 0x0000000100000000)
  eden space 4096K, 0% used [0x00000000d5580000,0x00000000d5580000,0x00000000d5980000)
  from space 1024K, 96% used [0x00000000d5c00000,0x00000000d5cf8010,0x00000000d5d00000)
  to   space 1536K, 0% used [0x00000000d5a00000,0x00000000d5a00000,0x00000000d5b80000)
 ParOldGen       total 983552K, used 983444K [0x0000000080000000, 0x00000000bc080000, 0x00000000d5580000)
  object space 983552K, 99% used [0x0000000080000000,0x00000000bc065318,0x00000000bc080000)
 Metaspace       used 86360K, committed 88000K, reserved 1179648K
  class space    used 8597K, committed 9344K, reserved 1048576K
}
Event: 6373.176 GC heap before
{Heap before GC invocations=1702 (full 6):
 PSYoungGen      total 5120K, used 5088K [0x00000000d5580000, 0x00000000d5d00000, 0x0000000100000000)
  eden space 4096K, 100% used [0x00000000d5580000,0x00000000d5980000,0x00000000d5980000)
  from space 1024K, 96% used [0x00000000d5c00000,0x00000000d5cf8010,0x00000000d5d00000)
  to   space 1536K, 0% used [0x00000000d5a00000,0x00000000d5a00000,0x00000000d5b80000)
 ParOldGen       total 983552K, used 983444K [0x0000000080000000, 0x00000000bc080000, 0x00000000d5580000)
  object space 983552K, 99% used [0x0000000080000000,0x00000000bc065318,0x00000000bc080000)
 Metaspace       used 86366K, committed 88000K, reserved 1179648K
  class space    used 8597K, committed 9344K, reserved 1048576K
}
Event: 6373.182 GC heap after
{Heap after GC invocations=1702 (full 6):
 PSYoungGen      total 5632K, used 978K [0x00000000d5580000, 0x00000000d5c80000, 0x0000000100000000)
  eden space 4096K, 0% used [0x00000000d5580000,0x00000000d5580000,0x00000000d5980000)
  from space 1536K, 63% used [0x00000000d5a00000,0x00000000d5af4bb8,0x00000000d5b80000)
  to   space 1024K, 0% used [0x00000000d5b80000,0x00000000d5b80000,0x00000000d5c80000)
 ParOldGen       total 984576K, used 984260K [0x0000000080000000, 0x00000000bc180000, 0x00000000d5580000)
  object space 984576K, 99% used [0x0000000080000000,0x00000000bc131328,0x00000000bc180000)
 Metaspace       used 86366K, committed 88000K, reserved 1179648K
  class space    used 8597K, committed 9344K, reserved 1048576K
}
Event: 6373.205 GC heap before
{Heap before GC invocations=1703 (full 6):
 PSYoungGen      total 5632K, used 5074K [0x00000000d5580000, 0x00000000d5c80000, 0x0000000100000000)
  eden space 4096K, 100% used [0x00000000d5580000,0x00000000d5980000,0x00000000d5980000)
  from space 1536K, 63% used [0x00000000d5a00000,0x00000000d5af4bb8,0x00000000d5b80000)
  to   space 1024K, 0% used [0x00000000d5b80000,0x00000000d5b80000,0x00000000d5c80000)
 ParOldGen       total 984576K, used 984260K [0x0000000080000000, 0x00000000bc180000, 0x00000000d5580000)
  object space 984576K, 99% used [0x0000000080000000,0x00000000bc131328,0x00000000bc180000)
 Metaspace       used 86368K, committed 88000K, reserved 1179648K
  class space    used 8597K, committed 9344K, reserved 1048576K
}
Event: 6373.211 GC heap after
{Heap after GC invocations=1703 (full 6):
 PSYoungGen      total 5120K, used 532K [0x00000000d5580000, 0x00000000d5c80000, 0x0000000100000000)
  eden space 4096K, 0% used [0x00000000d5580000,0x00000000d5580000,0x00000000d5980000)
  from space 1024K, 52% used [0x00000000d5b80000,0x00000000d5c05220,0x00000000d5c80000)
  to   space 1024K, 0% used [0x00000000d5a80000,0x00000000d5a80000,0x00000000d5b80000)
 ParOldGen       total 985600K, used 985089K [0x0000000080000000, 0x00000000bc280000, 0x00000000d5580000)
  object space 985600K, 99% used [0x0000000080000000,0x00000000bc2005a0,0x00000000bc280000)
 Metaspace       used 86368K, committed 88000K, reserved 1179648K
  class space    used 8597K, committed 9344K, reserved 1048576K
}
Event: 6373.241 GC heap before
{Heap before GC invocations=1704 (full 6):
 PSYoungGen      total 5120K, used 4628K [0x00000000d5580000, 0x00000000d5c80000, 0x0000000100000000)
  eden space 4096K, 100% used [0x00000000d5580000,0x00000000d5980000,0x00000000d5980000)
  from space 1024K, 52% used [0x00000000d5b80000,0x00000000d5c05220,0x00000000d5c80000)
  to   space 1024K, 0% used [0x00000000d5a80000,0x00000000d5a80000,0x00000000d5b80000)
 ParOldGen       total 985600K, used 985089K [0x0000000080000000, 0x00000000bc280000, 0x00000000d5580000)
  object space 985600K, 99% used [0x0000000080000000,0x00000000bc2005a0,0x00000000bc280000)
 Metaspace       used 86368K, committed 88000K, reserved 1179648K
  class space    used 8597K, committed 9344K, reserved 1048576K
}
Event: 6373.247 GC heap after
{Heap after GC invocations=1704 (full 6):
 PSYoungGen      total 5120K, used 1021K [0x00000000d5580000, 0x00000000d6180000, 0x0000000100000000)
  eden space 4096K, 0% used [0x00000000d5580000,0x00000000d5580000,0x00000000d5980000)
  from space 1024K, 99% used [0x00000000d5a80000,0x00000000d5b7f5f8,0x00000000d5b80000)
  to   space 4096K, 0% used [0x00000000d5d80000,0x00000000d5d80000,0x00000000d6180000)
 ParOldGen       total 987648K, used 987440K [0x0000000080000000, 0x00000000bc480000, 0x00000000d5580000)
  object space 987648K, 99% used [0x0000000080000000,0x00000000bc44c2f0,0x00000000bc480000)
 Metaspace       used 86368K, committed 88000K, reserved 1179648K
  class space    used 8597K, committed 9344K, reserved 1048576K
}
Event: 6373.289 GC heap before
{Heap before GC invocations=1705 (full 6):
 PSYoungGen      total 5120K, used 5117K [0x00000000d5580000, 0x00000000d6180000, 0x0000000100000000)
  eden space 4096K, 100% used [0x00000000d5580000,0x00000000d5980000,0x00000000d5980000)
  from space 1024K, 99% used [0x00000000d5a80000,0x00000000d5b7f5f8,0x00000000d5b80000)
  to   space 4096K, 0% used [0x00000000d5d80000,0x00000000d5d80000,0x00000000d6180000)
 ParOldGen       total 987648K, used 987440K [0x0000000080000000, 0x00000000bc480000, 0x00000000d5580000)
  object space 987648K, 99% used [0x0000000080000000,0x00000000bc44c2f0,0x00000000bc480000)
 Metaspace       used 86368K, committed 88000K, reserved 1179648K
  class space    used 8597K, committed 9344K, reserved 1048576K
}
Event: 6373.296 GC heap after
{Heap after GC invocations=1705 (full 6):
 PSYoungGen      total 8192K, used 3651K [0x00000000d5580000, 0x00000000d6180000, 0x0000000100000000)
  eden space 4096K, 0% used [0x00000000d5580000,0x00000000d5580000,0x00000000d5980000)
  from space 4096K, 89% used [0x00000000d5d80000,0x00000000d6110f60,0x00000000d6180000)
  to   space 4096K, 0% used [0x00000000d5980000,0x00000000d5980000,0x00000000d5d80000)
 ParOldGen       total 988672K, used 988394K [0x0000000080000000, 0x00000000bc580000, 0x00000000d5580000)
  object space 988672K, 99% used [0x0000000080000000,0x00000000bc53aa90,0x00000000bc580000)
 Metaspace       used 86368K, committed 88000K, reserved 1179648K
  class space    used 8597K, committed 9344K, reserved 1048576K
}
Event: 6373.318 GC heap before
{Heap before GC invocations=1706 (full 6):
 PSYoungGen      total 8192K, used 7747K [0x00000000d5580000, 0x00000000d6180000, 0x0000000100000000)
  eden space 4096K, 100% used [0x00000000d5580000,0x00000000d5980000,0x00000000d5980000)
  from space 4096K, 89% used [0x00000000d5d80000,0x00000000d6110f60,0x00000000d6180000)
  to   space 4096K, 0% used [0x00000000d5980000,0x00000000d5980000,0x00000000d5d80000)
 ParOldGen       total 988672K, used 988394K [0x0000000080000000, 0x00000000bc580000, 0x00000000d5580000)
  object space 988672K, 99% used [0x0000000080000000,0x00000000bc53aa90,0x00000000bc580000)
 Metaspace       used 86369K, committed 88064K, reserved 1179648K
  class space    used 8597K, committed 9344K, reserved 1048576K
}
Event: 6373.325 GC heap after
{Heap after GC invocations=1706 (full 6):
 PSYoungGen      total 5632K, used 1305K [0x00000000d5580000, 0x00000000d5e80000, 0x0000000100000000)
  eden space 4096K, 0% used [0x00000000d5580000,0x00000000d5580000,0x00000000d5980000)
  from space 1536K, 84% used [0x00000000d5980000,0x00000000d5ac6418,0x00000000d5b00000)
  to   space 2560K, 0% used [0x00000000d5c00000,0x00000000d5c00000,0x00000000d5e80000)
 ParOldGen       total 992256K, used 991896K [0x0000000080000000, 0x00000000bc900000, 0x00000000d5580000)
  object space 992256K, 99% used [0x0000000080000000,0x00000000bc8a62c0,0x00000000bc900000)
 Metaspace       used 86369K, committed 88064K, reserved 1179648K
  class space    used 8597K, committed 9344K, reserved 1048576K
}
Event: 6373.374 GC heap before
{Heap before GC invocations=1707 (full 6):
 PSYoungGen      total 5632K, used 5401K [0x00000000d5580000, 0x00000000d5e80000, 0x0000000100000000)
  eden space 4096K, 100% used [0x00000000d5580000,0x00000000d5980000,0x00000000d5980000)
  from space 1536K, 84% used [0x00000000d5980000,0x00000000d5ac6418,0x00000000d5b00000)
  to   space 2560K, 0% used [0x00000000d5c00000,0x00000000d5c00000,0x00000000d5e80000)
 ParOldGen       total 992256K, used 991896K [0x0000000080000000, 0x00000000bc900000, 0x00000000d5580000)
  object space 992256K, 99% used [0x0000000080000000,0x00000000bc8a62c0,0x00000000bc900000)
 Metaspace       used 86370K, committed 88064K, reserved 1179648K
  class space    used 8597K, committed 9344K, reserved 1048576K
}
Event: 6373.381 GC heap after
{Heap after GC invocations=1707 (full 6):
 PSYoungGen      total 5632K, used 1204K [0x00000000d5580000, 0x00000000d5d80000, 0x0000000100000000)
  eden space 4096K, 0% used [0x00000000d5580000,0x00000000d5580000,0x00000000d5980000)
  from space 1536K, 78% used [0x00000000d5c00000,0x00000000d5d2d200,0x00000000d5d80000)
  to   space 1536K, 0% used [0x00000000d5980000,0x00000000d5980000,0x00000000d5b00000)
 ParOldGen       total 992768K, used 992496K [0x0000000080000000, 0x00000000bc980000, 0x00000000d5580000)
  object space 992768K, 99% used [0x0000000080000000,0x00000000bc93c2c0,0x00000000bc980000)
 Metaspace       used 86370K, committed 88064K, reserved 1179648K
  class space    used 8597K, committed 9344K, reserved 1048576K
}
Event: 6373.638 GC heap before
{Heap before GC invocations=1708 (full 6):
 PSYoungGen      total 5632K, used 5300K [0x00000000d5580000, 0x00000000d5d80000, 0x0000000100000000)
  eden space 4096K, 100% used [0x00000000d5580000,0x00000000d5980000,0x00000000d5980000)
  from space 1536K, 78% used [0x00000000d5c00000,0x00000000d5d2d200,0x00000000d5d80000)
  to   space 1536K, 0% used [0x00000000d5980000,0x00000000d5980000,0x00000000d5b00000)
 ParOldGen       total 992768K, used 992496K [0x0000000080000000, 0x00000000bc980000, 0x00000000d5580000)
  object space 992768K, 99% used [0x0000000080000000,0x00000000bc93c2c0,0x00000000bc980000)
 Metaspace       used 86381K, committed 88064K, reserved 1179648K
  class space    used 8597K, committed 9344K, reserved 1048576K
}
Event: 6374.649 GC heap after
{Heap after GC invocations=1708 (full 6):
 PSYoungGen      total 5632K, used 928K [0x00000000d5580000, 0x00000000d5d80000, 0x0000000100000000)
  eden space 4096K, 0% used [0x00000000d5580000,0x00000000d5580000,0x00000000d5980000)
  from space 1536K, 60% used [0x00000000d5980000,0x00000000d5a68000,0x00000000d5b00000)
  to   space 1536K, 0% used [0x00000000d5c00000,0x00000000d5c00000,0x00000000d5d80000)
 ParOldGen       total 993792K, used 993390K [0x0000000080000000, 0x00000000bca80000, 0x00000000d5580000)
  object space 993792K, 99% used [0x0000000080000000,0x00000000bca1bae8,0x00000000bca80000)
 Metaspace       used 86381K, committed 88064K, reserved 1179648K
  class space    used 8597K, committed 9344K, reserved 1048576K
}

Dll operation events (10 events):
Event: 0.022 Loaded shared library c:\Users\ASUS\.vscode\extensions\redhat.java-1.55.0-win32-x64\jre\21.0.11-win32-x86_64\bin\java.dll
Event: 0.069 Loaded shared library c:\Users\ASUS\.vscode\extensions\redhat.java-1.55.0-win32-x64\jre\21.0.11-win32-x86_64\bin\zip.dll
Event: 0.171 Loaded shared library C:\Users\ASUS\.vscode\extensions\redhat.java-1.55.0-win32-x64\jre\21.0.11-win32-x86_64\bin\instrument.dll
Event: 0.182 Loaded shared library C:\Users\ASUS\.vscode\extensions\redhat.java-1.55.0-win32-x64\jre\21.0.11-win32-x86_64\bin\net.dll
Event: 0.187 Loaded shared library C:\Users\ASUS\.vscode\extensions\redhat.java-1.55.0-win32-x64\jre\21.0.11-win32-x86_64\bin\nio.dll
Event: 0.193 Loaded shared library C:\Users\ASUS\.vscode\extensions\redhat.java-1.55.0-win32-x64\jre\21.0.11-win32-x86_64\bin\zip.dll
Event: 0.225 Loaded shared library C:\Users\ASUS\.vscode\extensions\redhat.java-1.55.0-win32-x64\jre\21.0.11-win32-x86_64\bin\jimage.dll
Event: 0.355 Loaded shared library c:\Users\ASUS\.vscode\extensions\redhat.java-1.55.0-win32-x64\jre\21.0.11-win32-x86_64\bin\verify.dll
Event: 2.712 Loaded shared library C:\Users\ASUS\AppData\Roaming\Code\User\globalStorage\redhat.java\1.55.0\config_win\org.eclipse.equinox.launcher\org.eclipse.equinox.launcher.win32.win32.x86_64_1.3.100.v20260613-0559\eclipse_11924.dll
Event: 7.595 Loaded shared library C:\Users\ASUS\AppData\Local\Temp\jna-2018896\jna12268326798293579293.dll

Deoptimization events (20 events):
Event: 6177.915 Thread 0x000001e22105b590 Uncommon trap: trap_request=0xffffff45 fr.pc=0x000001e1cb47a55c relative=0x00000000000000bc
Event: 6177.915 Thread 0x000001e22105b590 Uncommon trap: reason=unstable_if action=reinterpret pc=0x000001e1cb47a55c method=org.eclipse.jdt.core.dom.AST.modifying()V @ 7 c2
Event: 6177.915 Thread 0x000001e22105b590 DEOPT PACKING pc=0x000001e1cb47a55c sp=0x0000000e780fdb60
Event: 6177.915 Thread 0x000001e22105b590 DEOPT UNPACKING pc=0x000001e1ca173aa2 sp=0x0000000e780fda98 mode 2
Event: 6371.731 Thread 0x000001e21a950390 DEOPT PACKING pc=0x000001e1c353748b sp=0x0000000e761fedc0
Event: 6371.731 Thread 0x000001e21a950390 DEOPT UNPACKING pc=0x000001e1ca174242 sp=0x0000000e761fe288 mode 0
Event: 6371.978 Thread 0x000001e2210559b0 Uncommon trap: trap_request=0xffffff6e fr.pc=0x000001e1cb78a4a8 relative=0x00000000000009c8
Event: 6371.978 Thread 0x000001e2210559b0 Uncommon trap: reason=loop_limit_check action=maybe_recompile pc=0x000001e1cb78a4a8 method=org.eclipse.jdt.internal.compiler.util.HashtableOfModule.rehash()V @ 50 c2
Event: 6371.978 Thread 0x000001e2210559b0 DEOPT PACKING pc=0x000001e1cb78a4a8 sp=0x0000000e77dfe090
Event: 6371.978 Thread 0x000001e2210559b0 DEOPT UNPACKING pc=0x000001e1ca173aa2 sp=0x0000000e77dfe040 mode 2
Event: 6373.195 Thread 0x000001e222fe24c0 Uncommon trap: trap_request=0xffffffde fr.pc=0x000001e1caf86550 relative=0x0000000000000d30
Event: 6373.195 Thread 0x000001e222fe24c0 Uncommon trap: reason=class_check action=maybe_recompile pc=0x000001e1caf86550 method=org.eclipse.jdt.ls.core.internal.semantictokens.TokenModifier.checkGeneric(Lorg/eclipse/jdt/core/dom/IBinding;)I @ 8 c2
Event: 6373.195 Thread 0x000001e222fe24c0 DEOPT PACKING pc=0x000001e1caf86550 sp=0x0000000e736fe5d0
Event: 6373.195 Thread 0x000001e222fe24c0 DEOPT UNPACKING pc=0x000001e1ca173aa2 sp=0x0000000e736fe5c8 mode 2
Event: 6373.196 Thread 0x000001e222fe24c0 Uncommon trap: trap_request=0xffffffde fr.pc=0x000001e1caf86550 relative=0x0000000000000d30
Event: 6373.196 Thread 0x000001e222fe24c0 Uncommon trap: reason=class_check action=maybe_recompile pc=0x000001e1caf86550 method=org.eclipse.jdt.ls.core.internal.semantictokens.TokenModifier.checkGeneric(Lorg/eclipse/jdt/core/dom/IBinding;)I @ 8 c2
Event: 6373.196 Thread 0x000001e222fe24c0 DEOPT PACKING pc=0x000001e1caf86550 sp=0x0000000e736fe440
Event: 6373.196 Thread 0x000001e222fe24c0 DEOPT UNPACKING pc=0x000001e1ca173aa2 sp=0x0000000e736fe438 mode 2
Event: 6373.201 Thread 0x000001e222fe24c0 DEOPT PACKING pc=0x000001e1c4bb4fc6 sp=0x0000000e736fef40
Event: 6373.201 Thread 0x000001e222fe24c0 DEOPT UNPACKING pc=0x000001e1ca174242 sp=0x0000000e736fe438 mode 0

Classes loaded (20 events):
Event: 5673.516 Loading class jdk/internal/module/IllegalAccessLogger
Event: 5673.516 Loading class jdk/internal/module/IllegalAccessLogger done
Event: 5677.119 Loading class jdk/internal/module/IllegalAccessLogger
Event: 5677.119 Loading class jdk/internal/module/IllegalAccessLogger done
Event: 5677.388 Loading class jdk/internal/module/IllegalAccessLogger
Event: 5677.388 Loading class jdk/internal/module/IllegalAccessLogger done
Event: 5681.813 Loading class jdk/internal/module/IllegalAccessLogger
Event: 5681.813 Loading class jdk/internal/module/IllegalAccessLogger done
Event: 5909.676 Loading class jdk/internal/module/IllegalAccessLogger
Event: 5909.676 Loading class jdk/internal/module/IllegalAccessLogger done
Event: 5909.846 Loading class jdk/internal/module/IllegalAccessLogger
Event: 5909.846 Loading class jdk/internal/module/IllegalAccessLogger done
Event: 6004.301 Loading class jdk/internal/module/IllegalAccessLogger
Event: 6004.301 Loading class jdk/internal/module/IllegalAccessLogger done
Event: 6024.668 Loading class jdk/internal/module/IllegalAccessLogger
Event: 6024.668 Loading class jdk/internal/module/IllegalAccessLogger done
Event: 6175.217 Loading class jdk/internal/module/IllegalAccessLogger
Event: 6175.217 Loading class jdk/internal/module/IllegalAccessLogger done
Event: 6372.207 Loading class jdk/internal/module/IllegalAccessLogger
Event: 6372.207 Loading class jdk/internal/module/IllegalAccessLogger done

Classes unloaded (20 events):
Event: 3375.889 Thread 0x000001e1bfa62d70 Unloading class 0x000001e1d88bcc00 'jdk/internal/reflect/GeneratedSerializationConstructorAccessor35'
Event: 3375.889 Thread 0x000001e1bfa62d70 Unloading class 0x000001e1d88bc800 'jdk/internal/reflect/GeneratedSerializationConstructorAccessor34'
Event: 3375.889 Thread 0x000001e1bfa62d70 Unloading class 0x000001e1d88bc400 'jdk/internal/reflect/GeneratedSerializationConstructorAccessor33'
Event: 3375.889 Thread 0x000001e1bfa62d70 Unloading class 0x000001e1d8895000 'java/lang/invoke/LambdaForm$MH+0x000001e1d8895000'
Event: 3375.889 Thread 0x000001e1bfa62d70 Unloading class 0x000001e1d8894c00 'java/lang/invoke/LambdaForm$MH+0x000001e1d8894c00'
Event: 3375.889 Thread 0x000001e1bfa62d70 Unloading class 0x000001e1d8894400 'java/lang/invoke/LambdaForm$MH+0x000001e1d8894400'
Event: 3375.889 Thread 0x000001e1bfa62d70 Unloading class 0x000001e1d8894000 'java/lang/invoke/LambdaForm$MH+0x000001e1d8894000'
Event: 3375.889 Thread 0x000001e1bfa62d70 Unloading class 0x000001e1d8889c00 'java/lang/invoke/LambdaForm$MH+0x000001e1d8889c00'
Event: 3375.889 Thread 0x000001e1bfa62d70 Unloading class 0x000001e1d8889000 'java/lang/invoke/LambdaForm$MH+0x000001e1d8889000'
Event: 3375.889 Thread 0x000001e1bfa62d70 Unloading class 0x000001e1d8888c00 'java/lang/invoke/LambdaForm$MH+0x000001e1d8888c00'
Event: 3375.889 Thread 0x000001e1bfa62d70 Unloading class 0x000001e1d8888800 'java/lang/invoke/LambdaForm$MH+0x000001e1d8888800'
Event: 3375.889 Thread 0x000001e1bfa62d70 Unloading class 0x000001e1d8862000 'java/lang/invoke/LambdaForm$MH+0x000001e1d8862000'
Event: 3375.889 Thread 0x000001e1bfa62d70 Unloading class 0x000001e1d86d8800 'java/lang/invoke/LambdaForm$MH+0x000001e1d86d8800'
Event: 3375.889 Thread 0x000001e1bfa62d70 Unloading class 0x000001e1d86d8000 'java/lang/invoke/LambdaForm$MH+0x000001e1d86d8000'
Event: 3375.889 Thread 0x000001e1bfa62d70 Unloading class 0x000001e1d86d5c00 'java/lang/invoke/LambdaForm$MH+0x000001e1d86d5c00'
Event: 3375.889 Thread 0x000001e1bfa62d70 Unloading class 0x000001e1d84f0800 'java/lang/invoke/LambdaForm$MH+0x000001e1d84f0800'
Event: 3375.889 Thread 0x000001e1bfa62d70 Unloading class 0x000001e1d8460400 'jdk/internal/reflect/GeneratedSerializationConstructorAccessor27'
Event: 3375.889 Thread 0x000001e1bfa62d70 Unloading class 0x000001e1d8460000 'jdk/internal/reflect/GeneratedSerializationConstructorAccessor26'
Event: 3375.889 Thread 0x000001e1bfa62d70 Unloading class 0x000001e1d845cc00 'jdk/internal/reflect/GeneratedSerializationConstructorAccessor25'
Event: 3375.889 Thread 0x000001e1bfa62d70 Unloading class 0x000001e1d845c800 'jdk/internal/reflect/GeneratedSerializationConstructorAccessor24'

Classes redefined (0 events):
No events

Internal exceptions (20 events):
Event: 5676.744 Thread 0x000001e21a950390 Exception <a 'sun/nio/fs/WindowsException'{0x00000000d57dc5b8}> (0x00000000d57dc5b8) 
thrown [s\src\hotspot\share\prims\jni.cpp, line 520]
Event: 5677.557 Thread 0x000001e21a950390 Exception <a 'sun/nio/fs/WindowsException'{0x00000000d59002c8}> (0x00000000d59002c8) 
thrown [s\src\hotspot\share\prims\jni.cpp, line 520]
Event: 5677.590 Thread 0x000001e221097bf0 Implicit null exception at 0x000001e1cb5e67c7 to 0x000001e1cb5e685c
Event: 5681.482 Thread 0x000001e21a950390 Exception <a 'sun/nio/fs/WindowsException'{0x00000000d5776370}> (0x00000000d5776370) 
thrown [s\src\hotspot\share\prims\jni.cpp, line 520]
Event: 5682.587 Thread 0x000001e21a950390 Exception <a 'sun/nio/fs/WindowsException'{0x00000000d564ce38}> (0x00000000d564ce38) 
thrown [s\src\hotspot\share\prims\jni.cpp, line 520]
Event: 5876.513 Thread 0x000001e221098280 Exception <a 'sun/nio/fs/WindowsException'{0x00000000d57b4178}> (0x00000000d57b4178) 
thrown [s\src\hotspot\share\prims\jni.cpp, line 520]
Event: 5876.513 Thread 0x000001e221098280 Exception <a 'sun/nio/fs/WindowsException'{0x00000000d57b4a78}> (0x00000000d57b4a78) 
thrown [s\src\hotspot\share\prims\jni.cpp, line 520]
Event: 5909.303 Thread 0x000001e21a950390 Exception <a 'sun/nio/fs/WindowsException'{0x00000000d59e7158}> (0x00000000d59e7158) 
thrown [s\src\hotspot\share\prims\jni.cpp, line 520]
Event: 5910.098 Thread 0x000001e21a950390 Exception <a 'sun/nio/fs/WindowsException'{0x00000000d55931b8}> (0x00000000d55931b8) 
thrown [s\src\hotspot\share\prims\jni.cpp, line 520]
Event: 5910.176 Thread 0x000001e21a950390 Implicit null exception at 0x000001e1cbafbb61 to 0x000001e1cbafc694
Event: 6003.903 Thread 0x000001e21a950390 Exception <a 'sun/nio/fs/WindowsException'{0x00000000d5873688}> (0x00000000d5873688) 
thrown [s\src\hotspot\share\prims\jni.cpp, line 520]
Event: 6004.630 Thread 0x000001e21a950390 Exception <a 'sun/nio/fs/WindowsException'{0x00000000d57c6a38}> (0x00000000d57c6a38) 
thrown [s\src\hotspot\share\prims\jni.cpp, line 520]
Event: 6024.276 Thread 0x000001e21a950390 Exception <a 'sun/nio/fs/WindowsException'{0x00000000d59aac10}> (0x00000000d59aac10) 
thrown [s\src\hotspot\share\prims\jni.cpp, line 520]
Event: 6024.915 Thread 0x000001e21a950390 Exception <a 'sun/nio/fs/WindowsException'{0x00000000d566eed8}> (0x00000000d566eed8) 
thrown [s\src\hotspot\share\prims\jni.cpp, line 520]
Event: 6174.794 Thread 0x000001e21a950390 Exception <a 'sun/nio/fs/WindowsException'{0x00000000d5580798}> (0x00000000d5580798) 
thrown [s\src\hotspot\share\prims\jni.cpp, line 520]
Event: 6176.500 Thread 0x000001e21a950390 Exception <a 'sun/nio/fs/WindowsException'{0x00000000d55ac2c0}> (0x00000000d55ac2c0) 
thrown [s\src\hotspot\share\prims\jni.cpp, line 520]
Event: 6209.236 Thread 0x000001e2210587a0 Exception <a 'sun/nio/fs/WindowsException'{0x00000000d55d1d68}> (0x00000000d55d1d68) 
thrown [s\src\hotspot\share\prims\jni.cpp, line 520]
Event: 6209.236 Thread 0x000001e2210587a0 Exception <a 'sun/nio/fs/WindowsException'{0x00000000d55d28f0}> (0x00000000d55d28f0) 
thrown [s\src\hotspot\share\prims\jni.cpp, line 520]
Event: 6371.702 Thread 0x000001e21a950390 Exception <a 'sun/nio/fs/WindowsException'{0x00000000d561f9f8}> (0x00000000d561f9f8) 
thrown [s\src\hotspot\share\prims\jni.cpp, line 520]
Event: 6372.866 Thread 0x000001e21a950390 Exception <a 'sun/nio/fs/WindowsException'{0x00000000d55ba868}> (0x00000000d55ba868) 
thrown [s\src\hotspot\share\prims\jni.cpp, line 520]

ZGC Phase Switch (0 events):
No events

VM Operations (20 events):
Event: 6373.147 Executing safepoint VM operation: ParallelGCFailedAllocation (Allocation Failure) done
Event: 6373.176 Executing safepoint VM operation: ParallelGCFailedAllocation (Allocation Failure)
Event: 6373.182 Executing safepoint VM operation: ParallelGCFailedAllocation (Allocation Failure) done
Event: 6373.205 Executing safepoint VM operation: ParallelGCFailedAllocation (Allocation Failure)
Event: 6373.211 Executing safepoint VM operation: ParallelGCFailedAllocation (Allocation Failure) done
Event: 6373.241 Executing safepoint VM operation: ParallelGCFailedAllocation (Allocation Failure)
Event: 6373.248 Executing safepoint VM operation: ParallelGCFailedAllocation (Allocation Failure) done
Event: 6373.289 Executing safepoint VM operation: ParallelGCFailedAllocation (Allocation Failure)
Event: 6373.296 Executing safepoint VM operation: ParallelGCFailedAllocation (Allocation Failure) done
Event: 6373.318 Executing safepoint VM operation: ParallelGCFailedAllocation (Allocation Failure)
Event: 6373.325 Executing safepoint VM operation: ParallelGCFailedAllocation (Allocation Failure) done
Event: 6373.374 Executing safepoint VM operation: ParallelGCFailedAllocation (Allocation Failure)
Event: 6373.381 Executing safepoint VM operation: ParallelGCFailedAllocation (Allocation Failure) done
Event: 6373.628 Executing safepoint VM operation: ParallelGCFailedAllocation (Allocation Failure)
Event: 6374.649 Executing safepoint VM operation: ParallelGCFailedAllocation (Allocation Failure) done
Event: 6374.649 Executing non-safepoint VM operation: HandshakeAllThreads (HandshakeForDeflation)
Event: 6374.649 Executing non-safepoint VM operation: HandshakeAllThreads (HandshakeForDeflation) done
Event: 6374.649 Executing non-safepoint VM operation: RendezvousGCThreads
Event: 6374.649 Executing non-safepoint VM operation: RendezvousGCThreads done
Event: 6374.673 Executing safepoint VM operation: ParallelGCFailedAllocation (Allocation Failure)

Memory protections (0 events):
No events

Nmethod flushes (20 events):
Event: 3376.022 Thread 0x000001e1bfa62d70 flushing  nmethod 0x000001e1c57aa110
Event: 3376.022 Thread 0x000001e1bfa62d70 flushing  nmethod 0x000001e1c57d8d10
Event: 3376.022 Thread 0x000001e1bfa62d70 flushing  nmethod 0x000001e1c5846390
Event: 3376.022 Thread 0x000001e1bfa62d70 flushing  nmethod 0x000001e1c5857410
Event: 3376.022 Thread 0x000001e1bfa62d70 flushing  nmethod 0x000001e1c5861a90
Event: 3376.022 Thread 0x000001e1bfa62d70 flushing  nmethod 0x000001e1c5874690
Event: 3376.022 Thread 0x000001e1bfa62d70 flushing  nmethod 0x000001e1c58b1810
Event: 3376.022 Thread 0x000001e1bfa62d70 flushing  nmethod 0x000001e1c58c0510
Event: 3376.022 Thread 0x000001e1bfa62d70 flushing  nmethod 0x000001e1c590fd10
Event: 3376.022 Thread 0x000001e1bfa62d70 flushing  nmethod 0x000001e1c5925910
Event: 3376.022 Thread 0x000001e1bfa62d70 flushing  nmethod 0x000001e1c592b590
Event: 3376.022 Thread 0x000001e1bfa62d70 flushing  nmethod 0x000001e1c5931810
Event: 3376.022 Thread 0x000001e1bfa62d70 flushing  nmethod 0x000001e1c5935a10
Event: 3376.022 Thread 0x000001e1bfa62d70 flushing  nmethod 0x000001e1c5941290
Event: 3376.022 Thread 0x000001e1bfa62d70 flushing  nmethod 0x000001e1c5966790
Event: 3376.022 Thread 0x000001e1bfa62d70 flushing  nmethod 0x000001e1c5a5a910
Event: 3376.022 Thread 0x000001e1bfa62d70 flushing  nmethod 0x000001e1c5a72810
Event: 3376.022 Thread 0x000001e1bfa62d70 flushing  nmethod 0x000001e1c5abf810
Event: 3376.022 Thread 0x000001e1bfa62d70 flushing  nmethod 0x000001e1c5ae5210
Event: 3376.022 Thread 0x000001e1bfa62d70 flushing  nmethod 0x000001e1c5b4f210

Events (20 events):
Event: 6209.238 Thread 0x000001e22105c940 Thread exited: 0x000001e22105c940
Event: 6209.449 Thread 0x000001e221099630 Thread exited: 0x000001e221099630
Event: 6209.735 Thread 0x000001e221096ed0 Thread exited: 0x000001e221096ed0
Event: 6209.736 Thread 0x000001e222fe17a0 Thread exited: 0x000001e222fe17a0
Event: 6209.736 Thread 0x000001e222fe0a80 Thread exited: 0x000001e222fe0a80
Event: 6235.398 Thread 0x000001e221055320 Thread exited: 0x000001e221055320
Event: 6237.999 Thread 0x000001e22105b590 Thread exited: 0x000001e22105b590
Event: 6269.225 Thread 0x000001e222fe6660 Thread exited: 0x000001e222fe6660
Event: 6269.225 Thread 0x000001e222fe1e30 Thread exited: 0x000001e222fe1e30
Event: 6269.358 Thread 0x000001e2210587a0 Thread exited: 0x000001e2210587a0
Event: 6298.010 Thread 0x000001e222fe5fd0 Thread exited: 0x000001e222fe5fd0
Event: 6304.034 Thread 0x000001e222fe52b0 Thread exited: 0x000001e222fe52b0
Event: 6324.461 Thread 0x000001e222fe4590 Thread exited: 0x000001e222fe4590
Event: 6358.015 Thread 0x000001e22105a870 Thread exited: 0x000001e22105a870
Event: 6371.831 Thread 0x000001e221098280 Thread added: 0x000001e2210587a0
Event: 6371.912 Thread 0x000001e2210559b0 Thread added: 0x000001e221055320
Event: 6372.210 Thread 0x000001e221098280 Thread added: 0x000001e22105c940
Event: 6372.912 Thread 0x000001e2210559b0 Thread added: 0x000001e22105a870
Event: 6373.191 Thread 0x000001e22105c2b0 Thread added: 0x000001e22105b590
Event: 6373.192 Thread 0x000001e22105b590 Thread added: 0x000001e221096ed0


Dynamic libraries:
0x00007ff78e790000 - 0x00007ff78e79e000 	c:\Users\ASUS\.vscode\extensions\redhat.java-1.55.0-win32-x64\jre\21.0.11-win32-x86_64\bin\java.exe
0x00007ffaf7120000 - 0x00007ffaf7386000 	C:\WINDOWS\SYSTEM32\ntdll.dll
0x00007ffaf6a30000 - 0x00007ffaf6af9000 	C:\WINDOWS\System32\KERNEL32.DLL
0x00007ffaf46c0000 - 0x00007ffaf4abf000 	C:\WINDOWS\System32\KERNELBASE.dll
0x00007ffaf4c00000 - 0x00007ffaf4d4c000 	C:\WINDOWS\System32\ucrtbase.dll
0x00007ffae14b0000 - 0x00007ffae14c8000 	c:\Users\ASUS\.vscode\extensions\redhat.java-1.55.0-win32-x64\jre\21.0.11-win32-x86_64\bin\jli.dll
0x00007ffadff60000 - 0x00007ffadff7e000 	c:\Users\ASUS\.vscode\extensions\redhat.java-1.55.0-win32-x64\jre\21.0.11-win32-x86_64\bin\VCRUNTIME140.dll
0x00007ffaf5b40000 - 0x00007ffaf5d06000 	C:\WINDOWS\System32\USER32.dll
0x00007ffaf4e20000 - 0x00007ffaf4e47000 	C:\WINDOWS\System32\win32u.dll
0x00007ffad7ab0000 - 0x00007ffad7d41000 	C:\WINDOWS\WinSxS\amd64_microsoft.windows.common-controls_6595b64144ccf1df_6.0.26100.8972_none_3e0da176e32f9d4b\COMCTL32.dll
0x00007ffaf6e70000 - 0x00007ffaf6e9b000 	C:\WINDOWS\System32\GDI32.dll
0x00007ffaf4ad0000 - 0x00007ffaf4bf9000 	C:\WINDOWS\System32\gdi32full.dll
0x00007ffaf4480000 - 0x00007ffaf4523000 	C:\WINDOWS\System32\msvcp_win.dll
0x00007ffaf68c0000 - 0x00007ffaf6969000 	C:\WINDOWS\System32\msvcrt.dll
0x00007ffaf6e30000 - 0x00007ffaf6e62000 	C:\WINDOWS\System32\IMM32.DLL
0x00007ffaedf90000 - 0x00007ffaedf9c000 	c:\Users\ASUS\.vscode\extensions\redhat.java-1.55.0-win32-x64\jre\21.0.11-win32-x86_64\bin\vcruntime140_1.dll
0x00007ffac49b0000 - 0x00007ffac4a3d000 	c:\Users\ASUS\.vscode\extensions\redhat.java-1.55.0-win32-x64\jre\21.0.11-win32-x86_64\bin\msvcp140.dll
0x00007ffa891e0000 - 0x00007ffa89f82000 	c:\Users\ASUS\.vscode\extensions\redhat.java-1.55.0-win32-x64\jre\21.0.11-win32-x86_64\bin\server\jvm.dll
0x00007ffaf6ea0000 - 0x00007ffaf6f5c000 	C:\WINDOWS\System32\ADVAPI32.dll
0x00007ffaf6d60000 - 0x00007ffaf6e09000 	C:\WINDOWS\System32\sechost.dll
0x00007ffaf54d0000 - 0x00007ffaf55e8000 	C:\WINDOWS\System32\RPCRT4.dll
0x00007ffaf5d10000 - 0x00007ffaf5d92000 	C:\WINDOWS\System32\WS2_32.dll
0x00007ffaf4190000 - 0x00007ffaf41ee000 	C:\WINDOWS\SYSTEM32\POWRPROF.dll
0x00007ffae9b20000 - 0x00007ffae9b56000 	C:\WINDOWS\SYSTEM32\WINMM.dll
0x00007ffad77f0000 - 0x00007ffad77fb000 	C:\WINDOWS\SYSTEM32\VERSION.dll
0x00007ffaf4170000 - 0x00007ffaf4185000 	C:\WINDOWS\SYSTEM32\UMPDC.dll
0x00007ffaf3020000 - 0x00007ffaf303b000 	C:\WINDOWS\SYSTEM32\kernel.appcore.dll
0x00007ffaebfd0000 - 0x00007ffaebfda000 	c:\Users\ASUS\.vscode\extensions\redhat.java-1.55.0-win32-x64\jre\21.0.11-win32-x86_64\bin\jimage.dll
0x00007ffaf1a00000 - 0x00007ffaf1c42000 	C:\WINDOWS\SYSTEM32\DBGHELP.DLL
0x00007ffaf57b0000 - 0x00007ffaf5b35000 	C:\WINDOWS\System32\combase.dll
0x00007ffaf5fc0000 - 0x00007ffaf6099000 	C:\WINDOWS\System32\OLEAUT32.dll
0x00007ffad4ef0000 - 0x00007ffad4f2b000 	C:\WINDOWS\SYSTEM32\dbgcore.DLL
0x00007ffaf43c0000 - 0x00007ffaf446c000 	C:\WINDOWS\System32\bcryptPrimitives.dll
0x00007ffaebe40000 - 0x00007ffaebe4f000 	c:\Users\ASUS\.vscode\extensions\redhat.java-1.55.0-win32-x64\jre\21.0.11-win32-x86_64\bin\instrument.dll
0x00007ffadff40000 - 0x00007ffadff60000 	c:\Users\ASUS\.vscode\extensions\redhat.java-1.55.0-win32-x64\jre\21.0.11-win32-x86_64\bin\java.dll
0x00007ffaf6130000 - 0x00007ffaf68b8000 	C:\WINDOWS\System32\SHELL32.dll
0x00007ffaf1de0000 - 0x00007ffaf267b000 	C:\WINDOWS\SYSTEM32\windows.storage.dll
0x00007ffaf56b0000 - 0x00007ffaf57a9000 	C:\WINDOWS\System32\SHCORE.dll
0x00007ffaf6970000 - 0x00007ffaf69d6000 	C:\WINDOWS\System32\shlwapi.dll
0x00007ffaf4250000 - 0x00007ffaf4279000 	C:\WINDOWS\SYSTEM32\profapi.dll
0x00007ffadff20000 - 0x00007ffadff38000 	c:\Users\ASUS\.vscode\extensions\redhat.java-1.55.0-win32-x64\jre\21.0.11-win32-x86_64\bin\zip.dll
0x00007ffae1b60000 - 0x00007ffae1b70000 	C:\Users\ASUS\.vscode\extensions\redhat.java-1.55.0-win32-x64\jre\21.0.11-win32-x86_64\bin\net.dll
0x00007ffae98a0000 - 0x00007ffae99c7000 	C:\WINDOWS\SYSTEM32\WINHTTP.dll
0x00007ffaf35d0000 - 0x00007ffaf363c000 	C:\WINDOWS\system32\mswsock.dll
0x00007ffadff00000 - 0x00007ffadff16000 	C:\Users\ASUS\.vscode\extensions\redhat.java-1.55.0-win32-x64\jre\21.0.11-win32-x86_64\bin\nio.dll
0x00007ffae14a0000 - 0x00007ffae14b0000 	c:\Users\ASUS\.vscode\extensions\redhat.java-1.55.0-win32-x64\jre\21.0.11-win32-x86_64\bin\verify.dll
0x00007ffac6e60000 - 0x00007ffac6ea5000 	C:\Users\ASUS\AppData\Roaming\Code\User\globalStorage\redhat.java\1.55.0\config_win\org.eclipse.equinox.launcher\org.eclipse.equinox.launcher.win32.win32.x86_64_1.3.100.v20260613-0559\eclipse_11924.dll
0x00007ffaf6b00000 - 0x00007ffaf6c99000 	C:\WINDOWS\System32\ole32.dll
0x00007ffaf38c0000 - 0x00007ffaf38db000 	C:\WINDOWS\SYSTEM32\CRYPTSP.dll
0x00007ffaf2f80000 - 0x00007ffaf2fb9000 	C:\WINDOWS\system32\rsaenh.dll
0x00007ffaf3680000 - 0x00007ffaf36b2000 	C:\WINDOWS\SYSTEM32\USERENV.dll
0x00007ffaf4220000 - 0x00007ffaf424a000 	C:\WINDOWS\SYSTEM32\bcrypt.dll
0x00007ffaf38e0000 - 0x00007ffaf38ec000 	C:\WINDOWS\SYSTEM32\CRYPTBASE.dll
0x00007ffaf2a80000 - 0x00007ffaf2ab3000 	C:\WINDOWS\SYSTEM32\IPHLPAPI.DLL
0x00007ffaf54c0000 - 0x00007ffaf54ca000 	C:\WINDOWS\System32\NSI.dll
0x00007ffac4960000 - 0x00007ffac49a9000 	C:\Users\ASUS\AppData\Local\Temp\jna-2018896\jna12268326798293579293.dll
0x00007ffaf6d40000 - 0x00007ffaf6d48000 	C:\WINDOWS\System32\PSAPI.DLL
0x00007ffae9af0000 - 0x00007ffae9b0d000 	C:\WINDOWS\SYSTEM32\dhcpcsvc6.DLL
0x00007ffae9ac0000 - 0x00007ffae9ae5000 	C:\WINDOWS\SYSTEM32\dhcpcsvc.DLL

JVMTI agents:
c:\Users\ASUS\.vscode\extensions\redhat.java-1.55.0-win32-x64\lombok\lombok-1.18.39-4050.jar path:c:\Users\ASUS\.vscode\extensions\redhat.java-1.55.0-win32-x64\jre\21.0.11-win32-x86_64\bin\instrument.dll, loaded, initialized, instrumentlib options:none

dbghelp: loaded successfully - version: 4.0.5 - missing functions: none
symbol engine: initialized successfully - sym options: 0x614 - pdb path: .;c:\Users\ASUS\.vscode\extensions\redhat.java-1.55.0-win32-x64\jre\21.0.11-win32-x86_64\bin;C:\WINDOWS\SYSTEM32;C:\WINDOWS\WinSxS\amd64_microsoft.windows.common-controls_6595b64144ccf1df_6.0.26100.8972_none_3e0da176e32f9d4b;c:\Users\ASUS\.vscode\extensions\redhat.java-1.55.0-win32-x64\jre\21.0.11-win32-x86_64\bin\server;C:\Users\ASUS\AppData\Roaming\Code\User\globalStorage\redhat.java\1.55.0\config_win\org.eclipse.equinox.launcher\org.eclipse.equinox.launcher.win32.win32.x86_64_1.3.100.v20260613-0559;C:\Users\ASUS\AppData\Local\Temp\jna-2018896

VM Arguments:
jvm_args: --add-modules=ALL-SYSTEM --add-opens=java.base/java.util=ALL-UNNAMED --add-opens=java.base/java.lang=ALL-UNNAMED --add-opens=java.base/sun.nio.fs=ALL-UNNAMED -Declipse.application=org.eclipse.jdt.ls.core.id1 -Dosgi.bundles.defaultStartLevel=4 -Declipse.product=org.eclipse.jdt.ls.core.product -Djava.import.generatesMetadataFilesAtProjectRoot=false -DDetectVMInstallationsJob.disabled=true -Dfile.encoding=utf8 -XX:+UseParallelGC -XX:GCTimeRatio=4 -XX:AdaptiveSizePolicyWeight=90 -Dsun.zip.disableMemoryMapping=true -Xmx2G -Xms100m -Xlog:disable -javaagent:c:\Users\ASUS\.vscode\extensions\redhat.java-1.55.0-win32-x64\lombok\lombok-1.18.39-4050.jar -XX:+HeapDumpOnOutOfMemoryError -XX:HeapDumpPath=c:\Users\ASUS\AppData\Roaming\Code\User\workspaceStorage\6d8f091235e3d96ddabeb381b4573241\redhat.java -Daether.dependencyCollector.impl=bf 
java_command: c:\Users\ASUS\.vscode\extensions\redhat.java-1.55.0-win32-x64\server\plugins\org.eclipse.equinox.launcher_1.7.200.v20260619-2039.jar -configuration c:\Users\ASUS\AppData\Roaming\Code\User\globalStorage\redhat.java\1.55.0\config_win -data c:\Users\ASUS\AppData\Roaming\Code\User\workspaceStorage\6d8f091235e3d96ddabeb381b4573241\redhat.java\jdt_ws --pipe=\\.\pipe\lsp-5ec6efb406a550e4f21dd4040c6dbb4e-sock
java_class_path (initial): c:\Users\ASUS\.vscode\extensions\redhat.java-1.55.0-win32-x64\server\plugins\org.eclipse.equinox.launcher_1.7.200.v20260619-2039.jar
Launcher Type: SUN_STANDARD

[Global flags]
    uintx AdaptiveSizePolicyWeight                 = 90                                        {product} {command line}
     intx CICompilerCount                          = 12                                        {product} {ergonomic}
    uintx GCTimeRatio                              = 4                                         {product} {command line}
     bool HeapDumpOnOutOfMemoryError               = true                                   {manageable} {command line}
    ccstr HeapDumpPath                             = c:\Users\ASUS\AppData\Roaming\Code\User\workspaceStorage\6d8f091235e3d96ddabeb381b4573241\redhat.java         {manageable} {command line}
   size_t InitialHeapSize                          = 104857600                                 {product} {command line}
   size_t MaxHeapSize                              = 2147483648                                {product} {command line}
   size_t MaxNewSize                               = 715653120                                 {product} {ergonomic}
   size_t MinHeapDeltaBytes                        = 524288                                    {product} {ergonomic}
   size_t MinHeapSize                              = 104857600                                 {product} {command line}
   size_t NewSize                                  = 34603008                                  {product} {ergonomic}
    uintx NonNMethodCodeHeapSize                   = 7602480                                {pd product} {ergonomic}
    uintx NonProfiledCodeHeapSize                  = 122027880                              {pd product} {ergonomic}
   size_t OldSize                                  = 70254592                                  {product} {ergonomic}
    uintx ProfiledCodeHeapSize                     = 122027880                              {pd product} {ergonomic}
    uintx ReservedCodeCacheSize                    = 251658240                              {pd product} {ergonomic}
     bool SegmentedCodeCache                       = true                                      {product} {ergonomic}
   size_t SoftMaxHeapSize                          = 2147483648                             {manageable} {ergonomic}
     bool UseCompressedOops                        = true                           {product lp64_product} {ergonomic}
     bool UseLargePagesIndividualAllocation        = false                                  {pd product} {ergonomic}
     bool UseParallelGC                            = true                                      {product} {command line}

Logging:
Log output configuration:
 #0: stdout all=off uptime,level,tags foldmultilines=false
 #1: stderr all=off uptime,level,tags foldmultilines=false

Release file:
JAVA_VERSION="21.0.11" 
MODULES="java.base java.compiler java.datatransfer java.xml java.prefs java.desktop java.instrument java.logging java.management java.security.sasl java.naming java.rmi java.management.rmi java.net.http java.scripting java.security.jgss java.transaction.xa java.sql java.sql.rowset java.xml.crypto java.se java.smartcardio jdk.accessibility jdk.internal.jvmstat jdk.attach jdk.charsets jdk.internal.opt jdk.zipfs jdk.compiler jdk.crypto.ec jdk.crypto.cryptoki jdk.crypto.mscapi jdk.dynalink jdk.internal.ed jdk.editpad jdk.hotspot.agent jdk.httpserver jdk.internal.le jdk.internal.vm.ci jdk.internal.vm.compiler jdk.internal.vm.compiler.management jdk.jartool jdk.javadoc jdk.jcmd jdk.management jdk.management.agent jdk.jconsole jdk.jdeps jdk.jdwp.agent jdk.jdi jdk.jfr jdk.jshell jdk.jsobject jdk.jstatd jdk.localedata jdk.management.jfr jdk.naming.dns jdk.naming.rmi jdk.net jdk.nio.mapmode jdk.random jdk.sctp jdk.security.auth jdk.security.jgss jdk.unsupported jdk.unsupported.desktop jdk.xml.dom" 

Environment Variables:
PATH=C:\Program Files\Common Files\Oracle\Java\javapath;C:\Program Files (x86)\VMware\VMware Player\bin\;C:\WINDOWS\system32;C:\WINDOWS;C:\WINDOWS\System32\Wbem;C:\WINDOWS\System32\WindowsPowerShell\v1.0\;C:\WINDOWS\System32\OpenSSH\;C:\Program Files\Microsoft SQL Server\150\Tools\Binn\;C:\Program Files\dotnet\;C:\Program Files (x86)\Microsoft SQL Server\160\Tools\Binn\;C:\Program Files\Microsoft SQL Server\160\Tools\Binn\;C:\Program Files\Microsoft SQL Server\Client SDK\ODBC\170\Tools\Binn\;C:\Program Files\Microsoft SQL Server\160\DTS\Binn\;C:\Program Files\Microsoft SQL Server\Client SDK\ODBC\110\Tools\Binn\;C:\Program Files\Microsoft SQL Server\120\Tools\Binn\;C:\Program Files (x86)\Microsoft SQL Server\120\Tools\Binn\;C:\Program Files\Microsoft SQL Server\120\DTS\Binn\;C:\Program Files (x86)\Microsoft SQL Server\120\Tools\Binn\ManagementStudio\;C:\Program Files (x86)\Microsoft SQL Server\120\DTS\Binn\;C:\Program Files\nodejs\;C:\Program Files\cursor\resources\app\bin;C:\Program Files\Docker\Docker\resources\bin;C:\Program Files\Microsoft SQL Server\170\Tools\Binn\;C:\Program Files\Git\cmd;C:\Program Files\mysql-26.7.0-winx64\bin;C:\MAVEN\apache-maven-3.9.16\bin;C:\Users\ASUS\AppData\Local\Programs\Python\Python310\Scripts\;C:\Users\ASUS\AppData\Local\Programs\Python\Python310\;c:\Users\ASUS\AppData\Local\Programs\cursor\resources\app\codeBin;C:\Users\ASUS\AppData\Local\Microsoft\WindowsApps;C:\Users\ASUS\.dotnet\tools;C:\Users\ASUS\AppData\Local\GitHubDesktop\bin;C:\Users\ASUS\AppData\Local\Programs\cursor\resources\app\bin;C:\Users\ASUS\AppData\Roaming\npm;D:\Flutter\flutter_windows_3.35.7-stable\flutter\bin;C:\Users\ASUS\AppData\Local\Programs\Microsoft VS Code\bin;C:\Users\ASUS\.lmstudio\bin;C:\Users\ASUS\.dotnet\tools;C:\Program Files\JetBrains\IntelliJ IDEA Community Edition 2022.3\bin;;D:\Java\IntelliJ IDEA 2026.1.4\bin;D:\Java\Antigravity IDE\bin
USERNAME=ASUS
OS=Windows_NT
PROCESSOR_IDENTIFIER=Intel64 Family 6 Model 186 Stepping 2, GenuineIntel
TMP=C:\Users\ASUS\AppData\Local\Temp
TEMP=C:\Users\ASUS\AppData\Local\Temp




Periodic native trim disabled

---------------  S Y S T E M  ---------------

OS:
 Windows 11 , 64 bit Build 26100 (10.0.26100.8972)
OS uptime: 1 days 0:20 hours
Hyper-V role detected

CPU: total 16 (initial active 16) (8 cores per cpu, 2 threads per core) family 6 model 186 stepping 2 microcode 0x410e, cx8, cmov, fxsr, ht, mmx, 3dnowpref, sse, sse2, sse3, ssse3, sse4.1, sse4.2, popcnt, lzcnt, tsc, tscinvbit, avx, avx2, aes, erms, clmul, bmi1, bmi2, adx, sha, fma, vzeroupper, clflush, clflushopt, clwb, hv, serialize, rdtscp, rdpid, fsrm, f16c, cet_ibt, cet_ss
Processor Information for processor 0
  Max Mhz: 2600, Current Mhz: 1496, Mhz Limit: 2600
Processor Information for processor 1
  Max Mhz: 2600, Current Mhz: 1496, Mhz Limit: 2600
Processor Information for processor 2
  Max Mhz: 2600, Current Mhz: 1496, Mhz Limit: 2600
Processor Information for processor 3
  Max Mhz: 2600, Current Mhz: 1496, Mhz Limit: 2600
Processor Information for processor 4
  Max Mhz: 2600, Current Mhz: 1496, Mhz Limit: 2600
Processor Information for processor 5
  Max Mhz: 2600, Current Mhz: 1496, Mhz Limit: 2600
Processor Information for processor 6
  Max Mhz: 2600, Current Mhz: 1496, Mhz Limit: 2600
Processor Information for processor 7
  Max Mhz: 2600, Current Mhz: 1496, Mhz Limit: 2600
Processor Information for processor 8
  Max Mhz: 2600, Current Mhz: 1500, Mhz Limit: 1898
Processor Information for processor 9
  Max Mhz: 2600, Current Mhz: 1500, Mhz Limit: 1898
Processor Information for processor 10
  Max Mhz: 2600, Current Mhz: 1500, Mhz Limit: 1898
Processor Information for processor 11
  Max Mhz: 2600, Current Mhz: 1500, Mhz Limit: 1898
Processor Information for processor 12
  Max Mhz: 2600, Current Mhz: 1500, Mhz Limit: 1898
Processor Information for processor 13
  Max Mhz: 2600, Current Mhz: 1500, Mhz Limit: 1898
Processor Information for processor 14
  Max Mhz: 2600, Current Mhz: 1500, Mhz Limit: 1898
Processor Information for processor 15
  Max Mhz: 2600, Current Mhz: 1500, Mhz Limit: 1898

Memory: 4k page, system-wide physical 16008M (957M free)
TotalPageFile size 51252M (AvailPageFile size 8M)
current process WorkingSet (physical memory assigned to process): 897M, peak: 897M
current process commit charge ("private bytes"): 1393M, peak: 1800M

vm_info: OpenJDK 64-Bit Server VM (21.0.11+10-LTS) for windows-amd64 JRE (21.0.11+10-LTS), built on 2026-04-21T00:00:00Z by "admin" with MS VC++ 17.12 (VS2022)

END.
